ext_interrupt.c:34:6:Enable_NVIC	0	static
ext_interrupt.c:72:6:Disable_NVIC	0	static
ext_interrupt.c:111:6:UPDATE_EXTI	16	static
ext_interrupt.c:180:6:MCAL_EXTI_DeInit	0	static
ext_interrupt.c:209:6:MCAL_EXTI_Init	0	static
ext_interrupt.c:222:6:MCAL_EXTI_GPIO_Update	0	static
ext_interrupt.c:228:6:MCAL_EXTI_SET	56	static
ext_interrupt.c:247:6:EXTI0_IRQHandler	0	static
ext_interrupt.c:253:6:EXTI1_IRQHandler	0	static
ext_interrupt.c:259:6:EXTI2_IRQHandler	0	static
ext_interrupt.c:265:6:EXTI3_IRQHandler	0	static
ext_interrupt.c:271:6:EXTI4_IRQHandler	0	static
ext_interrupt.c:277:6:EXTI5_9_IRQHandler	8	static
ext_interrupt.c:305:6:EXTI10_15_IRQHandler	8	static
