Archive member included to satisfy reference by file (symbol)

c:/st/stm32cubeide_1.4.0/stm32cubeide/plugins/com.st.stm32cube.ide.mcu.externaltools.gnu-tools-for-stm32.7-2018-q2-update.win32_1.4.0.202007081208/tools/bin/../lib/gcc/arm-none-eabi/7.3.1/../../../../arm-none-eabi/lib/thumb/v7-m\libc_nano.a(lib_a-errno.o)
                              Src/syscalls.o (__errno)
c:/st/stm32cubeide_1.4.0/stm32cubeide/plugins/com.st.stm32cube.ide.mcu.externaltools.gnu-tools-for-stm32.7-2018-q2-update.win32_1.4.0.202007081208/tools/bin/../lib/gcc/arm-none-eabi/7.3.1/../../../../arm-none-eabi/lib/thumb/v7-m\libc_nano.a(lib_a-exit.o)
                              c:/st/stm32cubeide_1.4.0/stm32cubeide/plugins/com.st.stm32cube.ide.mcu.externaltools.gnu-tools-for-stm32.7-2018-q2-update.win32_1.4.0.202007081208/tools/bin/../lib/gcc/arm-none-eabi/7.3.1/../../../../arm-none-eabi/lib/thumb/v7-m/crt0.o (exit)
c:/st/stm32cubeide_1.4.0/stm32cubeide/plugins/com.st.stm32cube.ide.mcu.externaltools.gnu-tools-for-stm32.7-2018-q2-update.win32_1.4.0.202007081208/tools/bin/../lib/gcc/arm-none-eabi/7.3.1/../../../../arm-none-eabi/lib/thumb/v7-m\libc_nano.a(lib_a-impure.o)
                              c:/st/stm32cubeide_1.4.0/stm32cubeide/plugins/com.st.stm32cube.ide.mcu.externaltools.gnu-tools-for-stm32.7-2018-q2-update.win32_1.4.0.202007081208/tools/bin/../lib/gcc/arm-none-eabi/7.3.1/../../../../arm-none-eabi/lib/thumb/v7-m\libc_nano.a(lib_a-exit.o) (_global_impure_ptr)
c:/st/stm32cubeide_1.4.0/stm32cubeide/plugins/com.st.stm32cube.ide.mcu.externaltools.gnu-tools-for-stm32.7-2018-q2-update.win32_1.4.0.202007081208/tools/bin/../lib/gcc/arm-none-eabi/7.3.1/../../../../arm-none-eabi/lib/thumb/v7-m\libc_nano.a(lib_a-init.o)
                              c:/st/stm32cubeide_1.4.0/stm32cubeide/plugins/com.st.stm32cube.ide.mcu.externaltools.gnu-tools-for-stm32.7-2018-q2-update.win32_1.4.0.202007081208/tools/bin/../lib/gcc/arm-none-eabi/7.3.1/../../../../arm-none-eabi/lib/thumb/v7-m/crt0.o (__libc_init_array)
c:/st/stm32cubeide_1.4.0/stm32cubeide/plugins/com.st.stm32cube.ide.mcu.externaltools.gnu-tools-for-stm32.7-2018-q2-update.win32_1.4.0.202007081208/tools/bin/../lib/gcc/arm-none-eabi/7.3.1/../../../../arm-none-eabi/lib/thumb/v7-m\libc_nano.a(lib_a-memset.o)
                              c:/st/stm32cubeide_1.4.0/stm32cubeide/plugins/com.st.stm32cube.ide.mcu.externaltools.gnu-tools-for-stm32.7-2018-q2-update.win32_1.4.0.202007081208/tools/bin/../lib/gcc/arm-none-eabi/7.3.1/../../../../arm-none-eabi/lib/thumb/v7-m/crt0.o (memset)
c:/st/stm32cubeide_1.4.0/stm32cubeide/plugins/com.st.stm32cube.ide.mcu.externaltools.gnu-tools-for-stm32.7-2018-q2-update.win32_1.4.0.202007081208/tools/bin/../lib/gcc/arm-none-eabi/7.3.1/../../../../arm-none-eabi/lib/thumb/v7-m\libc_nano.a(lib_a-sprintf.o)
                              STM32F103C_Drivers/HAL_Drivers/LCD_DRIVER/lcd.o (sprintf)
c:/st/stm32cubeide_1.4.0/stm32cubeide/plugins/com.st.stm32cube.ide.mcu.externaltools.gnu-tools-for-stm32.7-2018-q2-update.win32_1.4.0.202007081208/tools/bin/../lib/gcc/arm-none-eabi/7.3.1/../../../../arm-none-eabi/lib/thumb/v7-m\libc_nano.a(lib_a-nano-svfprintf.o)
                              c:/st/stm32cubeide_1.4.0/stm32cubeide/plugins/com.st.stm32cube.ide.mcu.externaltools.gnu-tools-for-stm32.7-2018-q2-update.win32_1.4.0.202007081208/tools/bin/../lib/gcc/arm-none-eabi/7.3.1/../../../../arm-none-eabi/lib/thumb/v7-m\libc_nano.a(lib_a-sprintf.o) (_svfprintf_r)
c:/st/stm32cubeide_1.4.0/stm32cubeide/plugins/com.st.stm32cube.ide.mcu.externaltools.gnu-tools-for-stm32.7-2018-q2-update.win32_1.4.0.202007081208/tools/bin/../lib/gcc/arm-none-eabi/7.3.1/../../../../arm-none-eabi/lib/thumb/v7-m\libc_nano.a(lib_a-nano-vfprintf_i.o)
                              c:/st/stm32cubeide_1.4.0/stm32cubeide/plugins/com.st.stm32cube.ide.mcu.externaltools.gnu-tools-for-stm32.7-2018-q2-update.win32_1.4.0.202007081208/tools/bin/../lib/gcc/arm-none-eabi/7.3.1/../../../../arm-none-eabi/lib/thumb/v7-m\libc_nano.a(lib_a-nano-svfprintf.o) (_printf_i)
c:/st/stm32cubeide_1.4.0/stm32cubeide/plugins/com.st.stm32cube.ide.mcu.externaltools.gnu-tools-for-stm32.7-2018-q2-update.win32_1.4.0.202007081208/tools/bin/../lib/gcc/arm-none-eabi/7.3.1/../../../../arm-none-eabi/lib/thumb/v7-m\libc_nano.a(lib_a-memchr-stub.o)
                              c:/st/stm32cubeide_1.4.0/stm32cubeide/plugins/com.st.stm32cube.ide.mcu.externaltools.gnu-tools-for-stm32.7-2018-q2-update.win32_1.4.0.202007081208/tools/bin/../lib/gcc/arm-none-eabi/7.3.1/../../../../arm-none-eabi/lib/thumb/v7-m\libc_nano.a(lib_a-nano-svfprintf.o) (memchr)
c:/st/stm32cubeide_1.4.0/stm32cubeide/plugins/com.st.stm32cube.ide.mcu.externaltools.gnu-tools-for-stm32.7-2018-q2-update.win32_1.4.0.202007081208/tools/bin/../lib/gcc/arm-none-eabi/7.3.1/../../../../arm-none-eabi/lib/thumb/v7-m\libc_nano.a(lib_a-memcpy-stub.o)
[...]
Memory Configuration

Name             Origin             Length             Attributes
RAM              0x0000000020000000 0x0000000000002800 xrw
ROM              0x0000000008000000 0x0000000000008000 xr
*default*        0x0000000000000000 0xffffffffffffffff

Linker script and memory map

LOAD c:/st/stm32cubeide_1.4.0/stm32cubeide/plugins/com.st.stm32cube.ide.mcu.externaltools.gnu-tools-for-stm32.7-2018-q2-update.win32_1.4.0.202007081208/tools/bin/../lib/gcc/arm-none-eabi/7.3.1/thumb/v7-m/crti.o
LOAD c:/st/stm32cubeide_1.4.0/stm32cubeide/plugins/com.st.stm32cube.ide.mcu.externaltools.gnu-tools-for-stm32.7-2018-q2-update.win32_1.4.0.202007081208/tools/bin/../lib/gcc/arm-none-eabi/7.3.1/thumb/v7-m/crtbegin.o
LOAD c:/st/stm32cubeide_1.4.0/stm32cubeide/plugins/com.st.stm32cube.ide.mcu.externaltools.gnu-tools-for-stm32.7-2018-q2-update.win32_1.4.0.202007081208/tools/bin/../lib/gcc/arm-none-eabi/7.3.1/../../../../arm-none-eabi/lib/thumb/v7-m/crt0.o
LOAD RTOS/CortexMX_OS_Porting.o
LOAD RTOS/MyRTOS_FIFO.o
LOAD RTOS/Scheduler.o
LOAD STM32F103C_Drivers/HAL_Drivers/I2C_EEPROM_SLAVE/EEPROM.o
LOAD STM32F103C_Drivers/HAL_Drivers/KEYPAD_DRIVER/keypad.o
LOAD STM32F103C_Drivers/HAL_Drivers/LCD_DRIVER/lcd.o
LOAD STM32F103C_Drivers/MCAL_Drivers/EXTI_DRIVER/ext_interrupt.o
LOAD STM32F103C_Drivers/MCAL_Drivers/GPIO_DRIVER/gpio.o
LOAD STM32F103C_Drivers/MCAL_Drivers/I2C_DRIVER/i2c.o
LOAD STM32F103C_Drivers/MCAL_Drivers/RCC_DRIVER/rcc.o
LOAD STM32F103C_Drivers/MCAL_Drivers/SPI_DRIVER/spi.o
LOAD STM32F103C_Drivers/MCAL_Drivers/USART_DRIVER/usart.o
LOAD Src/main.o
LOAD Src/syscalls.o
LOAD Src/sysmem.o
LOAD Startup/startup_stm32f103c6tx.o
START GROUP
LOAD c:/st/stm32cubeide_1.4.0/stm32cubeide/plugins/com.st.stm32cube.ide.mcu.externaltools.gnu-tools-for-stm32.7-2018-q2-update.win32_1.4.0.202007081208/tools/bin/../lib/gcc/arm-none-eabi/7.3.1/../../../../arm-none-eabi/lib/thumb/v7-m\libc_nano.a
LOAD c:/st/stm32cubeide_1.4.0/stm32cubeide/plugins/com.st.stm32cube.ide.mcu.externaltools.gnu-tools-for-stm32.7-2018-q2-update.win32_1.4.0.202007081208/tools/bin/../lib/gcc/arm-none-eabi/7.3.1/../../../../arm-none-eabi/lib/thumb/v7-m\libm.a
END GROUP
START GROUP
LOAD c:/st/stm32cubeide_1.4.0/stm32cubeide/plugins/com.st.stm32cube.ide.mcu.externaltools.gnu-tools-for-stm32.7-2018-q2-update.win32_1.4.0.202007081208/tools/bin/../lib/gcc/arm-none-eabi/7.3.1/thumb/v7-m\libgcc.a
LOAD c:/st/stm32cubeide_1.4.0/stm32cubeide/plugins/com.st.stm32cube.ide.mcu.externaltools.gnu-tools-for-stm32.7-2018-q2-update.win32_1.4.0.202007081208/tools/bin/../lib/gcc/arm-none-eabi/7.3.1/../../../../arm-none-eabi/lib/thumb/v7-m\libg_nano.a
LOAD c:/st/stm32cubeide_1.4.0/stm32cubeide/plugins/com.st.stm32cube.ide.mcu.externaltools.gnu-tools-for-stm32.7-2018-q2-update.win32_1.4.0.202007081208/tools/bin/../lib/gcc/arm-none-eabi/7.3.1/../../../../arm-none-eabi/lib/thumb/v7-m\libc_nano.a
END GROUP
START GROUP
LOAD c:/st/stm32cubeide_1.4.0/stm32cubeide/plugins/com.st.stm32cube.ide.mcu.externaltools.gnu-tools-for-stm32.7-2018-q2-update.win32_1.4.0.202007081208/tools/bin/../lib/gcc/arm-none-eabi/7.3.1/thumb/v7-m\libgcc.a
LOAD c:/st/stm32cubeide_1.4.0/stm32cubeide/plugins/com.st.stm32cube.ide.mcu.externaltools.gnu-tools-for-stm32.7-2018-q2-update.win32_1.4.0.202007081208/tools/bin/../lib/gcc/arm-none-eabi/7.3.1/../../../../arm-none-eabi/lib/thumb/v7-m\libc_nano.a
LOAD c:/st/stm32cubeide_1.4.0/stm32cubeide/plugins/com.st.stm32cube.ide.mcu.externaltools.gnu-tools-for-stm32.7-2018-q2-update.win32_1.4.0.202007081208/tools/bin/../lib/gcc/arm-none-eabi/7.3.1/../../../../arm-none-eabi/lib/thumb/v7-m\libnosys.a
END GROUP
START GROUP
LOAD c:/st/stm32cubeide_1.4.0/stm32cubeide/plugins/com.st.stm32cube.ide.mcu.externaltools.gnu-tools-for-stm32.7-2018-q2-update.win32_1.4.0.202007081208/tools/bin/../lib/gcc/arm-none-eabi/7.3.1/thumb/v7-m\libgcc.a
LOAD c:/st/stm32cubeide_1.4.0/stm32cubeide/plugins/com.st.stm32cube.ide.mcu.externaltools.gnu-tools-for-stm32.7-2018-q2-update.win32_1.4.0.202007081208/tools/bin/../lib/gcc/arm-none-eabi/7.3.1/../../../../arm-none-eabi/lib/thumb/v7-m\libc_nano.a
LOAD c:/st/stm32cubeide_1.4.0/stm32cubeide/plugins/com.st.stm32cube.ide.mcu.externaltools.gnu-tools-for-stm32.7-2018-q2-update.win32_1.4.0.202007081208/tools/bin/../lib/gcc/arm-none-eabi/7.3.1/../../../../arm-none-eabi/lib/thumb/v7-m\libnosys.a
END GROUP
LOAD c:/st/stm32cubeide_1.4.0/stm32cubeide/plugins/com.st.stm32cube.ide.mcu.externaltools.gnu-tools-for-stm32.7-2018-q2-update.win32_1.4.0.202007081208/tools/bin/../lib/gcc/arm-none-eabi/7.3.1/thumb/v7-m/crtend.o
LOAD c:/st/stm32cubeide_1.4.0/stm32cubeide/plugins/com.st.stm32cube.ide.mcu.externaltools.gnu-tools-for-stm32.7-2018-q2-update.win32_1.4.0.202007081208/tools/bin/../lib/gcc/arm-none-eabi/7.3.1/thumb/v7-m/crtn.o
                0x0000000020002800                _estack = (ORIGIN (RAM) + LENGTH (RAM))
                0x0000000000000200                _Min_Heap_Size = 0x200
                0x0000000000000400                _Min_Stack_Size = 0x400

.isr_vector     0x0000000008000000      0x130
                0x0000000008000000                . = ALIGN (0x4)
 *(.isr_vector)
 .isr_vector    0x0000000008000000      0x130 Startup/startup_stm32f103c6tx.o
                0x0000000008000000                g_pfnVectors
                0x0000000008000130                . = ALIGN (0x4)

.text           0x0000000008000130      0x8f0
                0x0000000008000130                . = ALIGN (0x4)
 *(.text)
 .text          0x0000000008000130       0x40 c:/st/stm32cubeide_1.4.0/stm32cubeide/plugins/com.st.stm32cube.ide.mcu.externaltools.gnu-tools-for-stm32.7-2018-q2-update.win32_1.4.0.202007081208/tools/bin/../lib/gcc/arm-none-eabi/7.3.1/thumb/v7-m/crtbegin.o
 *(.text*)
 .text.__NVIC_SetPriority
                0x0000000008000170       0x54 RTOS/CortexMX_OS_Porting.o
 .text.BusFault_Handler
                0x00000000080001c4        0x6 RTOS/CortexMX_OS_Porting.o
                0x00000000080001c4                BusFault_Handler
 .text.HardFault_Handler
                0x00000000080001ca        0x6 RTOS/CortexMX_OS_Porting.o
                0x00000000080001ca                HardFault_Handler
 .text.UsageFault_Handler
                0x00000000080001d0        0x6 RTOS/CortexMX_OS_Porting.o
                0x00000000080001d0                UsageFault_Handler
 .text.MemManage_Handler
                0x00000000080001d6        0x6 RTOS/CortexMX_OS_Porting.o
                0x00000000080001d6                MemManage_Handler
 .text.SVC_Handler
                0x00000000080001dc       0x14 RTOS/CortexMX_OS_Porting.o
                0x00000000080001dc                SVC_Handler
 .text.SysTick_Handler
                0x00000000080001f0        0xc RTOS/CortexMX_OS_Porting.o
                0x00000000080001f0                SysTick_Handler
 .text.HW_init  0x00000000080001fc       0x12 RTOS/CortexMX_OS_Porting.o
                0x00000000080001fc                HW_init
 .text.FIFO_init
                0x000000000800020e       0x44 RTOS/MyRTOS_FIFO.o
                0x000000000800020e                FIFO_init
 *fill*         0x0000000008000252        0x2 
 .text.OS_SVC   0x0000000008000254       0x4c RTOS/Scheduler.o
                0x0000000008000254                OS_SVC
 .text.PendSV_Handler
                0x00000000080002a0        0xc RTOS/Scheduler.o
                0x00000000080002a0                PendSV_Handler
 .text.MyRTOS_CreateTaskStack
                0x00000000080002ac       0x7c RTOS/Scheduler.o
                0x00000000080002ac                MyRTOS_CreateTaskStack
 .text.MyRTOS_IdleTask
                0x0000000008000328        0x8 RTOS/Scheduler.o
                0x0000000008000328                MyRTOS_IdleTask
 .text.MyRTOS_Create_MainStack
                0x0000000008000330       0x3c RTOS/Scheduler.o
                0x0000000008000330                MyRTOS_Create_MainStack
 .text.MyRTOS_Create_Task
                0x000000000800036c       0x60 RTOS/Scheduler.o
                0x000000000800036c                MyRTOS_Create_Task
 .text.MyRTOS_init
                0x00000000080003cc       0x80 RTOS/Scheduler.o
                0x00000000080003cc                MyRTOS_init
 .text.EXTI0_IRQHandler
                0x000000000800044c       0x24 STM32F103C_Drivers/MCAL_Drivers/EXTI_DRIVER/ext_interrupt.o
                0x000000000800044c                EXTI0_IRQHandler
 .text.EXTI1_IRQHandler
                0x0000000008000470       0x24 STM32F103C_Drivers/MCAL_Drivers/EXTI_DRIVER/ext_interrupt.o
                0x0000000008000470                EXTI1_IRQHandler
 .text.EXTI2_IRQHandler
                0x0000000008000494       0x24 STM32F103C_Drivers/MCAL_Drivers/EXTI_DRIVER/ext_interrupt.o
                0x0000000008000494                EXTI2_IRQHandler
 .text.EXTI3_IRQHandler
                0x00000000080004b8       0x24 STM32F103C_Drivers/MCAL_Drivers/EXTI_DRIVER/ext_interrupt.o
                0x00000000080004b8                EXTI3_IRQHandler
 .text.EXTI4_IRQHandler
                0x00000000080004dc       0x24 STM32F103C_Drivers/MCAL_Drivers/EXTI_DRIVER/ext_interrupt.o
                0x00000000080004dc                EXTI4_IRQHandler
 .text.EXTI9_5_IRQHandler
                0x0000000008000500       0xa8 STM32F103C_Drivers/MCAL_Drivers/EXTI_DRIVER/ext_interrupt.o
                0x0000000008000500                EXTI9_5_IRQHandler
 .text.EXTI15_10_IRQHandler
                0x00000000080005a8       0xc4 STM32F103C_Drivers/MCAL_Drivers/EXTI_DRIVER/ext_interrupt.o
                0x00000000080005a8                EXTI15_10_IRQHandler
 .text.I2C1_EV_IRQHandler
                0x000000000800066c       0xf4 STM32F103C_Drivers/MCAL_Drivers/I2C_DRIVER/i2c.o
                0x000000000800066c                I2C1_EV_IRQHandler
 .text.I2C1_ER_IRQHandler
                0x0000000008000760        0xc STM32F103C_Drivers/MCAL_Drivers/I2C_DRIVER/i2c.o
                0x0000000008000760                I2C1_ER_IRQHandler
 .text.I2C2_EV_IRQHandler
                0x000000000800076c        0xc STM32F103C_Drivers/MCAL_Drivers/I2C_DRIVER/i2c.o
                0x000000000800076c                I2C2_EV_IRQHandler
 .text.I2C2_ER_IRQHandler
                0x0000000008000778        0xc STM32F103C_Drivers/MCAL_Drivers/I2C_DRIVER/i2c.o
                0x0000000008000778                I2C2_ER_IRQHandler
 .text.SPI1_IRQHandler
                0x0000000008000784       0x58 STM32F103C_Drivers/MCAL_Drivers/SPI_DRIVER/spi.o
                0x0000000008000784                SPI1_IRQHandler
 .text.SPI2_IRQHandler
                0x00000000080007dc       0x58 STM32F103C_Drivers/MCAL_Drivers/SPI_DRIVER/spi.o
                0x00000000080007dc                SPI2_IRQHandler
 .text.USART1_IRQHandler
                0x0000000008000834       0x14 STM32F103C_Drivers/MCAL_Drivers/USART_DRIVER/usart.o
                0x0000000008000834                USART1_IRQHandler
 .text.USART2_IRQHandler
                0x0000000008000848       0x14 STM32F103C_Drivers/MCAL_Drivers/USART_DRIVER/usart.o
                0x0000000008000848                USART2_IRQHandler
 .text.USART3_IRQHandler
                0x000000000800085c       0x14 STM32F103C_Drivers/MCAL_Drivers/USART_DRIVER/usart.o
                0x000000000800085c                USART3_IRQHandler
 .text.task1    0x0000000008000870        0x6 Src/main.o
                0x0000000008000870                task1
 .text.task2    0x0000000008000876        0x6 Src/main.o
                0x0000000008000876                task2
 .text.task3    0x000000000800087c        0x6 Src/main.o
                0x000000000800087c                task3
 *fill*         0x0000000008000882        0x2 
 .text.main     0x0000000008000884       0xe8 Src/main.o
                0x0000000008000884                main
 .text.Reset_Handler
                0x000000000800096c       0x50 Startup/startup_stm32f103c6tx.o
                0x000000000800096c                Reset_Handler
 .text.Default_Handler
                0x00000000080009bc        0x2 Startup/startup_stm32f103c6tx.o
                0x00000000080009bc                TIM8_TRG_COM_IRQHandler
                0x00000000080009bc                TIM8_CC_IRQHandler
                0x00000000080009bc                DebugMon_Handler
                0x00000000080009bc                TIM1_CC_IRQHandler
                0x00000000080009bc                TIM6_IRQHandler
                0x00000000080009bc                PVD_IRQHandler
                0x00000000080009bc                SDIO_IRQHandler
                0x00000000080009bc                NMI_Handler
                0x00000000080009bc                USB_HP_CAN_TX_IRQHandler
                0x00000000080009bc                ADC1_2_IRQHandler
                0x00000000080009bc                CAN_SCE_IRQHandler
                0x00000000080009bc                TAMPER_IRQHandler
                0x00000000080009bc                TIM8_UP_IRQHandler
                0x00000000080009bc                DMA2_Channel2_IRQHandler
                0x00000000080009bc                DMA1_Channel4_IRQHandler
                0x00000000080009bc                RTC_IRQHandler
                0x00000000080009bc                DMA1_Channel7_IRQHandler
                0x00000000080009bc                UART5_IRQHandler
                0x00000000080009bc                ADC3_IRQHandler
                0x00000000080009bc                TIM4_IRQHandler
                0x00000000080009bc                CAN_RX1_IRQHandler
                0x00000000080009bc                DMA2_Channel1_IRQHandler
                0x00000000080009bc                DMA1_Channel6_IRQHandler
                0x00000000080009bc                UART4_IRQHandler
                0x00000000080009bc                TIM3_IRQHandler
                0x00000000080009bc                RCC_IRQHandler
                0x00000000080009bc                TIM1_TRG_COM_IRQHandler
                0x00000000080009bc                DMA1_Channel1_IRQHandler
                0x00000000080009bc                Default_Handler
                0x00000000080009bc                TIM7_IRQHandler
                0x00000000080009bc                TIM5_IRQHandler
                0x00000000080009bc                USB_LP_CAN_RX0_IRQHandler
                0x00000000080009bc                DMA1_Channel5_IRQHandler
                0x00000000080009bc                DMA1_Channel3_IRQHandler
                0x00000000080009bc                FSMC_IRQHandler
                0x00000000080009bc                TIM1_UP_IRQHandler
                0x00000000080009bc                WWDG_IRQHandler
                0x00000000080009bc                TIM2_IRQHandler
                0x00000000080009bc                TIM1_BRK_IRQHandler
                0x00000000080009bc                RTCAlarm_IRQHandler
                0x00000000080009bc                DMA2_Channel4_5_IRQHandler
                0x00000000080009bc                DMA1_Channel2_IRQHandler
                0x00000000080009bc                TIM8_BRK_IRQHandler
                0x00000000080009bc                FLASH_IRQHandler
                0x00000000080009bc                SPI3_IRQHandler
                0x00000000080009bc                DMA2_Channel3_IRQHandler
 *fill*         0x00000000080009be        0x2 
 .text.__libc_init_array
                0x00000000080009c0       0x48 c:/st/stm32cubeide_1.4.0/stm32cubeide/plugins/com.st.stm32cube.ide.mcu.externaltools.gnu-tools-for-stm32.7-2018-q2-update.win32_1.4.0.202007081208/tools/bin/../lib/gcc/arm-none-eabi/7.3.1/../../../../arm-none-eabi/lib/thumb/v7-m\libc_nano.a(lib_a-init.o)
                0x00000000080009c0                __libc_init_array
 *(.glue_7)
 .glue_7        0x0000000008000a08        0x0 linker stubs
 *(.glue_7t)
 .glue_7t       0x0000000008000a08        0x0 linker stubs
 *(.eh_frame)
 .eh_frame      0x0000000008000a08        0x0 c:/st/stm32cubeide_1.4.0/stm32cubeide/plugins/com.st.stm32cube.ide.mcu.externaltools.gnu-tools-for-stm32.7-2018-q2-update.win32_1.4.0.202007081208/tools/bin/../lib/gcc/arm-none-eabi/7.3.1/thumb/v7-m/crtbegin.o
 *(.init)
 .init          0x0000000008000a08        0x4 c:/st/stm32cubeide_1.4.0/stm32cubeide/plugins/com.st.stm32cube.ide.mcu.externaltools.gnu-tools-for-stm32.7-2018-q2-update.win32_1.4.0.202007081208/tools/bin/../lib/gcc/arm-none-eabi/7.3.1/thumb/v7-m/crti.o
                0x0000000008000a08                _init
 .init          0x0000000008000a0c        0x8 c:/st/stm32cubeide_1.4.0/stm32cubeide/plugins/com.st.stm32cube.ide.mcu.externaltools.gnu-tools-for-stm32.7-2018-q2-update.win32_1.4.0.202007081208/tools/bin/../lib/gcc/arm-none-eabi/7.3.1/thumb/v7-m/crtn.o
 *(.fini)
 .fini          0x0000000008000a14        0x4 c:/st/stm32cubeide_1.4.0/stm32cubeide/plugins/com.st.stm32cube.ide.mcu.externaltools.gnu-tools-for-stm32.7-2018-q2-update.win32_1.4.0.202007081208/tools/bin/../lib/gcc/arm-none-eabi/7.3.1/thumb/v7-m/crti.o
                0x0000000008000a14                _fini
 .fini          0x0000000008000a18        0x8 c:/st/stm32cubeide_1.4.0/stm32cubeide/plugins/com.st.stm32cube.ide.mcu.externaltools.gnu-tools-for-stm32.7-2018-q2-update.win32_1.4.0.202007081208/tools/bin/../lib/gcc/arm-none-eabi/7.3.1/thumb/v7-m/crtn.o
                0x0000000008000a20                . = ALIGN (0x4)
                0x0000000008000a20                _etext = .

.vfp11_veneer   0x0000000008000a20        0x0
 .vfp11_veneer  0x0000000008000a20        0x0 linker stubs

.v4_bx          0x0000000008000a20        0x0
 .v4_bx         0x0000000008000a20        0x0 linker stubs

.iplt           0x0000000008000a20        0x0
 .iplt          0x0000000008000a20        0x0 c:/st/stm32cubeide_1.4.0/stm32cubeide/plugins/com.st.stm32cube.ide.mcu.externaltools.gnu-tools-for-stm32.7-2018-q2-update.win32_1.4.0.202007081208/tools/bin/../lib/gcc/arm-none-eabi/7.3.1/thumb/v7-m/crtbegin.o

.rodata         0x0000000008000a20       0x24
                0x0000000008000a20                . = ALIGN (0x4)
 *(.rodata)
 .rodata        0x0000000008000a20        0x9 RTOS/Scheduler.o
 *fill*         0x0000000008000a29        0x3 
 .rodata        0x0000000008000a2c       0x16 Src/main.o
 *(.rodata*)
                0x0000000008000a44                . = ALIGN (0x4)
 *fill*         0x0000000008000a42        0x2 

.rel.dyn        0x0000000008000a44        0x0
 .rel.iplt      0x0000000008000a44        0x0 c:/st/stm32cubeide_1.4.0/stm32cubeide/plugins/com.st.stm32cube.ide.mcu.externaltools.gnu-tools-for-stm32.7-2018-q2-update.win32_1.4.0.202007081208/tools/bin/../lib/gcc/arm-none-eabi/7.3.1/thumb/v7-m/crtbegin.o

.ARM.extab      0x0000000008000a44        0x0
                0x0000000008000a44                . = ALIGN (0x4)
 *(.ARM.extab* .gnu.linkonce.armextab.*)
                0x0000000008000a44                . = ALIGN (0x4)

.ARM            0x0000000008000a44        0x0
                0x0000000008000a44                . = ALIGN (0x4)
                0x0000000008000a44                __exidx_start = .
 *(.ARM.exidx*)
                0x0000000008000a44                __exidx_end = .
                0x0000000008000a44                . = ALIGN (0x4)

.preinit_array  0x0000000008000a44        0x0
                0x0000000008000a44                . = ALIGN (0x4)
                0x0000000008000a44                PROVIDE (__preinit_array_start = .)
 *(.preinit_array*)
                0x0000000008000a44                PROVIDE (__preinit_array_end = .)
                0x0000000008000a44                . = ALIGN (0x4)

.init_array     0x0000000008000a44        0x4
                0x0000000008000a44                . = ALIGN (0x4)
                0x0000000008000a44                PROVIDE (__init_array_start = .)
 *(SORT_BY_NAME(.init_array.*))
 *(.init_array*)
 .init_array    0x0000000008000a44        0x4 c:/st/stm32cubeide_1.4.0/stm32cubeide/plugins/com.st.stm32cube.ide.mcu.externaltools.gnu-tools-for-stm32.7-2018-q2-update.win32_1.4.0.202007081208/tools/bin/../lib/gcc/arm-none-eabi/7.3.1/thumb/v7-m/crtbegin.o
                0x0000000008000a48                PROVIDE (__init_array_end = .)
                0x0000000008000a48                . = ALIGN (0x4)

.fini_array     0x0000000008000a48        0x4
                0x0000000008000a48                . = ALIGN (0x4)
                [!provide]                        PROVIDE (__fini_array_start = .)
 *(SORT_BY_NAME(.fini_array.*))
 *(.fini_array*)
 .fini_array    0x0000000008000a48        0x4 c:/st/stm32cubeide_1.4.0/stm32cubeide/plugins/com.st.stm32cube.ide.mcu.externaltools.gnu-tools-for-stm32.7-2018-q2-update.win32_1.4.0.202007081208/tools/bin/../lib/gcc/arm-none-eabi/7.3.1/thumb/v7-m/crtbegin.o
                [!provide]                        PROVIDE (__fini_array_end = .)
                0x0000000008000a4c                . = ALIGN (0x4)
                0x0000000008000a4c                _sidata = LOADADDR (.data)

.data           0x0000000020000000        0x0 load address 0x0000000008000a4c
                0x0000000020000000                . = ALIGN (0x4)
                0x0000000020000000                _sdata = .
 *(.data)
 *(.data*)
                0x0000000020000000                . = ALIGN (0x4)
                0x0000000020000000                _edata = .

.igot.plt       0x0000000020000000        0x0 load address 0x0000000008000a4c
 .igot.plt      0x0000000020000000        0x0 c:/st/stm32cubeide_1.4.0/stm32cubeide/plugins/com.st.stm32cube.ide.mcu.externaltools.gnu-tools-for-stm32.7-2018-q2-update.win32_1.4.0.202007081208/tools/bin/../lib/gcc/arm-none-eabi/7.3.1/thumb/v7-m/crtbegin.o
                0x0000000020000000                . = ALIGN (0x4)

.bss            0x0000000020000000      0x514 load address 0x0000000008000a4c
                0x0000000020000000                _sbss = .
                0x0000000020000000                __bss_start__ = _sbss
 *(.bss)
 .bss           0x0000000020000000       0x1c c:/st/stm32cubeide_1.4.0/stm32cubeide/plugins/com.st.stm32cube.ide.mcu.externaltools.gnu-tools-for-stm32.7-2018-q2-update.win32_1.4.0.202007081208/tools/bin/../lib/gcc/arm-none-eabi/7.3.1/thumb/v7-m/crtbegin.o
 *(.bss*)
 .bss.GP_IRQ_CALLBACK
                0x000000002000001c       0x3c STM32F103C_Drivers/MCAL_Drivers/EXTI_DRIVER/ext_interrupt.o
 .bss.G_I2C_Config
                0x0000000020000058       0x50 STM32F103C_Drivers/MCAL_Drivers/I2C_DRIVER/i2c.o
                0x0000000020000058                G_I2C_Config
 .bss.Global_SPI_Config
                0x00000000200000a8        0x8 STM32F103C_Drivers/MCAL_Drivers/SPI_DRIVER/spi.o
                0x00000000200000a8                Global_SPI_Config
 .bss.Global_UART_Config
                0x00000000200000b0        0x4 STM32F103C_Drivers/MCAL_Drivers/USART_DRIVER/usart.o
                0x00000000200000b0                Global_UART_Config
 *(COMMON)
 COMMON         0x00000000200000b4      0x394 RTOS/Scheduler.o
                0x00000000200000b4                OS_Structure
                0x0000000020000260                Ready_QUEUE
                0x0000000020000274                MyRTOS_idleTask
                0x00000000200002b8                Ready_QUEUE_FIFO
 COMMON         0x0000000020000448       0xcc Src/main.o
                0x0000000020000448                Task1
                0x000000002000048c                Task3
                0x00000000200004d0                Task2
                0x0000000020000514                . = ALIGN (0x4)
                0x0000000020000514                _ebss = .
                0x0000000020000514                __bss_end__ = _ebss

._user_heap_stack
                0x0000000020000514      0x604 load address 0x0000000008000a4c
                0x0000000020000518                . = ALIGN (0x8)
 *fill*         0x0000000020000514        0x4 
                [!provide]                        PROVIDE (end = .)
                0x0000000020000518                PROVIDE (_end = .)
                0x0000000020000718                . = (. + _Min_Heap_Size)
 *fill*         0x0000000020000518      0x200 
                0x0000000020000718                _eheap = .
                0x0000000020000b18                . = (. + _Min_Stack_Size)
 *fill*         0x0000000020000718      0x400 
                0x0000000020000b18                . = ALIGN (0x8)

/DISCARD/
 libc.a(*)
 libm.a(*)
 libgcc.a(*)

.ARM.attributes
                0x0000000000000000       0x29
 *(.ARM.attributes)
 .ARM.attributes
                0x0000000000000000       0x1d c:/st/stm32cubeide_1.4.0/stm32cubeide/plugins/com.st.stm32cube.ide.mcu.externaltools.gnu-tools-for-stm32.7-2018-q2-update.win32_1.4.0.202007081208/tools/bin/../lib/gcc/arm-none-eabi/7.3.1/thumb/v7-m/crti.o
 .ARM.attributes
                0x000000000000001d       0x2d c:/st/stm32cubeide_1.4.0/stm32cubeide/plugins/com.st.stm32cube.ide.mcu.externaltools.gnu-tools-for-stm32.7-2018-q2-update.win32_1.4.0.202007081208/tools/bin/../lib/gcc/arm-none-eabi/7.3.1/thumb/v7-m/crtbegin.o
 .ARM.attributes
                0x000000000000004a       0x33 RTOS/CortexMX_OS_Porting.o
 .ARM.attributes
                0x000000000000007d       0x33 RTOS/MyRTOS_FIFO.o
 .ARM.attributes
                0x00000000000000b0       0x33 RTOS/Scheduler.o
 .ARM.attributes
                0x00000000000000e3       0x33 STM32F103C_Drivers/MCAL_Drivers/EXTI_DRIVER/ext_interrupt.o
 .ARM.attributes
                0x0000000000000116       0x33 STM32F103C_Drivers/MCAL_Drivers/I2C_DRIVER/i2c.o
 .ARM.attributes
                0x0000000000000149       0x33 STM32F103C_Drivers/MCAL_Drivers/SPI_DRIVER/spi.o
 .ARM.attributes
                0x000000000000017c       0x33 STM32F103C_Drivers/MCAL_Drivers/USART_DRIVER/usart.o
 .ARM.attributes
                0x00000000000001af       0x33 Src/main.o
 .ARM.attributes
                0x00000000000001e2       0x21 Startup/startup_stm32f103c6tx.o
 .ARM.attributes
                0x0000000000000203       0x2d c:/st/stm32cubeide_1.4.0/stm32cubeide/plugins/com.st.stm32cube.ide.mcu.externaltools.gnu-tools-for-stm32.7-2018-q2-update.win32_1.4.0.202007081208/tools/bin/../lib/gcc/arm-none-eabi/7.3.1/../../../../arm-none-eabi/lib/thumb/v7-m\libc_nano.a(lib_a-init.o)
 .ARM.attributes
                0x0000000000000230       0x1d c:/st/stm32cubeide_1.4.0/stm32cubeide/plugins/com.st.stm32cube.ide.mcu.externaltools.gnu-tools-for-stm32.7-2018-q2-update.win32_1.4.0.202007081208/tools/bin/../lib/gcc/arm-none-eabi/7.3.1/thumb/v7-m/crtn.o
OUTPUT(MasteringEmbeddedSystems.elf elf32-littlearm)

.debug_info     0x0000000000000000     0x691d
 .debug_info    0x0000000000000000      0x583 RTOS/CortexMX_OS_Porting.o
 .debug_info    0x0000000000000583      0xca0 RTOS/MyRTOS_FIFO.o
 .debug_info    0x0000000000001223      0xe2b RTOS/Scheduler.o
 .debug_info    0x000000000000204e      0xdd5 STM32F103C_Drivers/MCAL_Drivers/EXTI_DRIVER/ext_interrupt.o
 .debug_info    0x0000000000002e23     0x11fd STM32F103C_Drivers/MCAL_Drivers/I2C_DRIVER/i2c.o
 .debug_info    0x0000000000004020      0xf03 STM32F103C_Drivers/MCAL_Drivers/SPI_DRIVER/spi.o
 .debug_info    0x0000000000004f23      0xe19 STM32F103C_Drivers/MCAL_Drivers/USART_DRIVER/usart.o
 .debug_info    0x0000000000005d3c      0xbbf Src/main.o
 .debug_info    0x00000000000068fb       0x22 Startup/startup_stm32f103c6tx.o

.debug_abbrev   0x0000000000000000     0x10e4
 .debug_abbrev  0x0000000000000000      0x158 RTOS/CortexMX_OS_Porting.o
 .debug_abbrev  0x0000000000000158      0x1cf RTOS/MyRTOS_FIFO.o
 .debug_abbrev  0x0000000000000327      0x266 RTOS/Scheduler.o
 .debug_abbrev  0x000000000000058d      0x224 STM32F103C_Drivers/MCAL_Drivers/EXTI_DRIVER/ext_interrupt.o
 .debug_abbrev  0x00000000000007b1      0x2a1 STM32F103C_Drivers/MCAL_Drivers/I2C_DRIVER/i2c.o
 .debug_abbrev  0x0000000000000a52      0x274 STM32F103C_Drivers/MCAL_Drivers/SPI_DRIVER/spi.o
 .debug_abbrev  0x0000000000000cc6      0x24a STM32F103C_Drivers/MCAL_Drivers/USART_DRIVER/usart.o
 .debug_abbrev  0x0000000000000f10      0x1c2 Src/main.o
 .debug_abbrev  0x00000000000010d2       0x12 Startup/startup_stm32f103c6tx.o

.debug_loc      0x0000000000000000     0x14ac
 .debug_loc     0x0000000000000000      0x204 RTOS/CortexMX_OS_Porting.o
 .debug_loc     0x0000000000000204      0x1cc RTOS/MyRTOS_FIFO.o
 .debug_loc     0x00000000000003d0      0x268 RTOS/Scheduler.o
 .debug_loc     0x0000000000000638      0x320 STM32F103C_Drivers/MCAL_Drivers/EXTI_DRIVER/ext_interrupt.o
 .debug_loc     0x0000000000000958      0x530 STM32F103C_Drivers/MCAL_Drivers/I2C_DRIVER/i2c.o
 .debug_loc     0x0000000000000e88      0x2bc STM32F103C_Drivers/MCAL_Drivers/SPI_DRIVER/spi.o
 .debug_loc     0x0000000000001144      0x294 STM32F103C_Drivers/MCAL_Drivers/USART_DRIVER/usart.o
 .debug_loc     0x00000000000013d8       0xd4 Src/main.o

.debug_aranges  0x0000000000000000      0x330
 .debug_aranges
                0x0000000000000000       0x68 RTOS/CortexMX_OS_Porting.o
 .debug_aranges
                0x0000000000000068       0x40 RTOS/MyRTOS_FIFO.o
 .debug_aranges
                0x00000000000000a8       0x58 RTOS/Scheduler.o
 .debug_aranges
                0x0000000000000100       0x80 STM32F103C_Drivers/MCAL_Drivers/EXTI_DRIVER/ext_interrupt.o
 .debug_aranges
                0x0000000000000180       0x98 STM32F103C_Drivers/MCAL_Drivers/I2C_DRIVER/i2c.o
 .debug_aranges
                0x0000000000000218       0x58 STM32F103C_Drivers/MCAL_Drivers/SPI_DRIVER/spi.o
 .debug_aranges
                0x0000000000000270       0x60 STM32F103C_Drivers/MCAL_Drivers/USART_DRIVER/usart.o
 .debug_aranges
                0x00000000000002d0       0x38 Src/main.o
 .debug_aranges
                0x0000000000000308       0x28 Startup/startup_stm32f103c6tx.o

.debug_ranges   0x0000000000000000      0x2a8
 .debug_ranges  0x0000000000000000       0x58 RTOS/CortexMX_OS_Porting.o
 .debug_ranges  0x0000000000000058       0x30 RTOS/MyRTOS_FIFO.o
 .debug_ranges  0x0000000000000088       0x48 RTOS/Scheduler.o
 .debug_ranges  0x00000000000000d0       0x70 STM32F103C_Drivers/MCAL_Drivers/EXTI_DRIVER/ext_interrupt.o
 .debug_ranges  0x0000000000000140       0x88 STM32F103C_Drivers/MCAL_Drivers/I2C_DRIVER/i2c.o
 .debug_ranges  0x00000000000001c8       0x48 STM32F103C_Drivers/MCAL_Drivers/SPI_DRIVER/spi.o
 .debug_ranges  0x0000000000000210       0x50 STM32F103C_Drivers/MCAL_Drivers/USART_DRIVER/usart.o
 .debug_ranges  0x0000000000000260       0x28 Src/main.o
 .debug_ranges  0x0000000000000288       0x20 Startup/startup_stm32f103c6tx.o

.debug_macro    0x0000000000000000     0x4405
 .debug_macro   0x0000000000000000       0xbd RTOS/CortexMX_OS_Porting.o
 .debug_macro   0x00000000000000bd      0xa48 RTOS/CortexMX_OS_Porting.o
 .debug_macro   0x0000000000000b05       0x28 RTOS/CortexMX_OS_Porting.o
 .debug_macro   0x0000000000000b2d       0x22 RTOS/CortexMX_OS_Porting.o
 .debug_macro   0x0000000000000b4f       0x8e RTOS/CortexMX_OS_Porting.o
 .debug_macro   0x0000000000000bdd       0x51 RTOS/CortexMX_OS_Porting.o
 .debug_macro   0x0000000000000c2e       0xef RTOS/CortexMX_OS_Porting.o
 .debug_macro   0x0000000000000d1d       0x6a RTOS/CortexMX_OS_Porting.o
 .debug_macro   0x0000000000000d87      0x1df RTOS/CortexMX_OS_Porting.o
 .debug_macro   0x0000000000000f66       0x1c RTOS/CortexMX_OS_Porting.o
 .debug_macro   0x0000000000000f82       0x22 RTOS/CortexMX_OS_Porting.o
 .debug_macro   0x0000000000000fa4       0xe5 RTOS/CortexMX_OS_Porting.o
 .debug_macro   0x0000000000001089      0xe3c RTOS/CortexMX_OS_Porting.o
 .debug_macro   0x0000000000001ec5       0x3a RTOS/CortexMX_OS_Porting.o
 .debug_macro   0x0000000000001eff      0x22c RTOS/MyRTOS_FIFO.o
 .debug_macro   0x000000000000212b       0x40 RTOS/MyRTOS_FIFO.o
 .debug_macro   0x000000000000216b       0x18 RTOS/MyRTOS_FIFO.o
 .debug_macro   0x0000000000002183       0x94 RTOS/MyRTOS_FIFO.o
 .debug_macro   0x0000000000002217       0x3c RTOS/MyRTOS_FIFO.o
 .debug_macro   0x0000000000002253       0x34 RTOS/MyRTOS_FIFO.o
 .debug_macro   0x0000000000002287       0x16 RTOS/MyRTOS_FIFO.o
 .debug_macro   0x000000000000229d       0x57 RTOS/MyRTOS_FIFO.o
 .debug_macro   0x00000000000022f4       0x97 RTOS/MyRTOS_FIFO.o
 .debug_macro   0x000000000000238b      0x330 RTOS/MyRTOS_FIFO.o
 .debug_macro   0x00000000000026bb       0xfd RTOS/MyRTOS_FIFO.o
 .debug_macro   0x00000000000027b8       0x10 RTOS/MyRTOS_FIFO.o
 .debug_macro   0x00000000000027c8       0x52 RTOS/MyRTOS_FIFO.o
 .debug_macro   0x000000000000281a       0x1f RTOS/MyRTOS_FIFO.o
 .debug_macro   0x0000000000002839       0x43 RTOS/MyRTOS_FIFO.o
 .debug_macro   0x000000000000287c       0x20 RTOS/MyRTOS_FIFO.o
 .debug_macro   0x000000000000289c      0x1a3 RTOS/MyRTOS_FIFO.o
 .debug_macro   0x0000000000002a3f       0x10 RTOS/MyRTOS_FIFO.o
 .debug_macro   0x0000000000002a4f       0x1c RTOS/MyRTOS_FIFO.o
 .debug_macro   0x0000000000002a6b       0x52 RTOS/MyRTOS_FIFO.o
 .debug_macro   0x0000000000002abd       0x40 RTOS/MyRTOS_FIFO.o
 .debug_macro   0x0000000000002afd       0x10 RTOS/MyRTOS_FIFO.o
 .debug_macro   0x0000000000002b0d       0x40 RTOS/MyRTOS_FIFO.o
 .debug_macro   0x0000000000002b4d       0xd7 RTOS/MyRTOS_FIFO.o
 .debug_macro   0x0000000000002c24       0x1c RTOS/MyRTOS_FIFO.o
 .debug_macro   0x0000000000002c40       0x3d RTOS/MyRTOS_FIFO.o
 .debug_macro   0x0000000000002c7d       0x16 RTOS/MyRTOS_FIFO.o
 .debug_macro   0x0000000000002c93      0x145 RTOS/MyRTOS_FIFO.o
 .debug_macro   0x0000000000002dd8       0xdf RTOS/MyRTOS_FIFO.o
 .debug_macro   0x0000000000002eb7      0x236 RTOS/Scheduler.o
 .debug_macro   0x00000000000030ed       0x46 RTOS/Scheduler.o
 .debug_macro   0x0000000000003133      0x32a RTOS/Scheduler.o
 .debug_macro   0x000000000000345d      0x219 STM32F103C_Drivers/MCAL_Drivers/EXTI_DRIVER/ext_interrupt.o
 .debug_macro   0x0000000000003676      0x230 STM32F103C_Drivers/MCAL_Drivers/EXTI_DRIVER/ext_interrupt.o
 .debug_macro   0x00000000000038a6      0x228 STM32F103C_Drivers/MCAL_Drivers/I2C_DRIVER/i2c.o
 .debug_macro   0x0000000000003ace      0x22b STM32F103C_Drivers/MCAL_Drivers/SPI_DRIVER/spi.o
 .debug_macro   0x0000000000003cf9       0xcd STM32F103C_Drivers/MCAL_Drivers/SPI_DRIVER/spi.o
 .debug_macro   0x0000000000003dc6      0x21c STM32F103C_Drivers/MCAL_Drivers/USART_DRIVER/usart.o
 .debug_macro   0x0000000000003fe2       0xe8 STM32F103C_Drivers/MCAL_Drivers/USART_DRIVER/usart.o
 .debug_macro   0x00000000000040ca      0x197 Src/main.o
 .debug_macro   0x0000000000004261      0x174 Src/main.o
 .debug_macro   0x00000000000043d5       0x10 Src/main.o
 .debug_macro   0x00000000000043e5       0x20 Src/main.o

.debug_line     0x0000000000000000     0x3c1b
 .debug_line    0x0000000000000000      0x562 RTOS/CortexMX_OS_Porting.o
 .debug_line    0x0000000000000562      0x725 RTOS/MyRTOS_FIFO.o
 .debug_line    0x0000000000000c87      0x76c RTOS/Scheduler.o
 .debug_line    0x00000000000013f3      0x827 STM32F103C_Drivers/MCAL_Drivers/EXTI_DRIVER/ext_interrupt.o
 .debug_line    0x0000000000001c1a      0x96c STM32F103C_Drivers/MCAL_Drivers/I2C_DRIVER/i2c.o
 .debug_line    0x0000000000002586      0x7be STM32F103C_Drivers/MCAL_Drivers/SPI_DRIVER/spi.o
 .debug_line    0x0000000000002d44      0x81c STM32F103C_Drivers/MCAL_Drivers/USART_DRIVER/usart.o
 .debug_line    0x0000000000003560      0x637 Src/main.o
 .debug_line    0x0000000000003b97       0x84 Startup/startup_stm32f103c6tx.o

.debug_str      0x0000000000000000    0x132e0
 .debug_str     0x0000000000000000     0x9878 RTOS/CortexMX_OS_Porting.o
                                       0x9a13 (size before relaxing)
 .debug_str     0x0000000000009878     0x44c1 RTOS/MyRTOS_FIFO.o
                                       0xdd0e (size before relaxing)
 .debug_str     0x000000000000dd39      0x1bb RTOS/Scheduler.o
                                       0xde63 (size before relaxing)
 .debug_str     0x000000000000def4     0x3d5d STM32F103C_Drivers/MCAL_Drivers/EXTI_DRIVER/ext_interrupt.o
                                       0xbd6c (size before relaxing)
 .debug_str     0x0000000000011c51      0x6d5 STM32F103C_Drivers/MCAL_Drivers/I2C_DRIVER/i2c.o
                                       0xaf4c (size before relaxing)
 .debug_str     0x0000000000012326      0x750 STM32F103C_Drivers/MCAL_Drivers/SPI_DRIVER/spi.o
                                       0xb013 (size before relaxing)
 .debug_str     0x0000000000012a76      0x78d STM32F103C_Drivers/MCAL_Drivers/USART_DRIVER/usart.o
                                       0xb0e8 (size before relaxing)
 .debug_str     0x0000000000013203       0xac Src/main.o
                                       0xcb65 (size before relaxing)
 .debug_str     0x00000000000132af       0x31 Startup/startup_stm32f103c6tx.o
                                         0x7c (size before relaxing)

.comment        0x0000000000000000       0x7b
 .comment       0x0000000000000000       0x7b RTOS/CortexMX_OS_Porting.o
                                         0x7c (size before relaxing)
 .comment       0x000000000000007b       0x7c RTOS/MyRTOS_FIFO.o
 .comment       0x000000000000007b       0x7c RTOS/Scheduler.o
 .comment       0x000000000000007b       0x7c STM32F103C_Drivers/MCAL_Drivers/EXTI_DRIVER/ext_interrupt.o
 .comment       0x000000000000007b       0x7c STM32F103C_Drivers/MCAL_Drivers/I2C_DRIVER/i2c.o
 .comment       0x000000000000007b       0x7c STM32F103C_Drivers/MCAL_Drivers/SPI_DRIVER/spi.o
 .comment       0x000000000000007b       0x7c STM32F103C_Drivers/MCAL_Drivers/USART_DRIVER/usart.o
 .comment       0x000000000000007b       0x7c Src/main.o

.debug_frame    0x0000000000000000      0xa74
 .debug_frame   0x0000000000000000      0x124 RTOS/CortexMX_OS_Porting.o
 .debug_frame   0x0000000000000124       0xd8 RTOS/MyRTOS_FIFO.o
 .debug_frame   0x00000000000001fc      0x128 RTOS/Scheduler.o
 .debug_frame   0x0000000000000324      0x1b0 STM32F103C_Drivers/MCAL_Drivers/EXTI_DRIVER/ext_interrupt.o
 .debug_frame   0x00000000000004d4      0x268 STM32F103C_Drivers/MCAL_Drivers/I2C_DRIVER/i2c.o
 .debug_frame   0x000000000000073c      0x144 STM32F103C_Drivers/MCAL_Drivers/SPI_DRIVER/spi.o
 .debug_frame   0x0000000000000880      0x14c STM32F103C_Drivers/MCAL_Drivers/USART_DRIVER/usart.o
 .debug_frame   0x00000000000009cc       0x7c Src/main.o
 .debug_frame   0x0000000000000a48       0x2c c:/st/stm32cubeide_1.4.0/stm32cubeide/plugins/com.st.stm32cube.ide.mcu.externaltools.gnu-tools-for-stm32.7-2018-q2-update.win32_1.4.0.202007081208/tools/bin/../lib/gcc/arm-none-eabi/7.3.1/../../../../arm-none-eabi/lib/thumb/v7-m\libc_nano.a(lib_a-init.o)
