Archive member included to satisfy reference by file (symbol)

c:/st/stm32cubeide_1.4.0/stm32cubeide/plugins/com.st.stm32cube.ide.mcu.externaltools.gnu-tools-for-stm32.7-2018-q2-update.win32_1.4.0.202007081208/tools/bin/../lib/gcc/arm-none-eabi/7.3.1/../../../../arm-none-eabi/lib/thumb/v7-m\libc_nano.a(lib_a-errno.o)
                              Src/syscalls.o (__errno)
c:/st/stm32cubeide_1.4.0/stm32cubeide/plugins/com.st.stm32cube.ide.mcu.externaltools.gnu-tools-for-stm32.7-2018-q2-update.win32_1.4.0.202007081208/tools/bin/../lib/gcc/arm-none-eabi/7.3.1/../../../../arm-none-eabi/lib/thumb/v7-m\libc_nano.a(lib_a-exit.o)
                              c:/st/stm32cubeide_1.4.0/stm32cubeide/plugins/com.st.stm32cube.ide.mcu.externaltools.gnu-tools-for-stm32.7-2018-q2-update.win32_1.4.0.202007081208/tools/bin/../lib/gcc/arm-none-eabi/7.3.1/../../../../arm-none-eabi/lib/thumb/v7-m/crt0.o (exit)
c:/st/stm32cubeide_1.4.0/stm32cubeide/plugins/com.st.stm32cube.ide.mcu.externaltools.gnu-tools-for-stm32.7-2018-q2-update.win32_1.4.0.202007081208/tools/bin/../lib/gcc/arm-none-eabi/7.3.1/../../../../arm-none-eabi/lib/thumb/v7-m\libc_nano.a(lib_a-impure.o)
                              c:/st/stm32cubeide_1.4.0/stm32cubeide/plugins/com.st.stm32cube.ide.mcu.externaltools.gnu-tools-for-stm32.7-2018-q2-update.win32_1.4.0.202007081208/tools/bin/../lib/gcc/arm-none-eabi/7.3.1/../../../../arm-none-eabi/lib/thumb/v7-m\libc_nano.a(lib_a-exit.o) (_global_impure_ptr)
c:/st/stm32cubeide_1.4.0/stm32cubeide/plugins/com.st.stm32cube.ide.mcu.externaltools.gnu-tools-for-stm32.7-2018-q2-update.win32_1.4.0.202007081208/tools/bin/../lib/gcc/arm-none-eabi/7.3.1/../../../../arm-none-eabi/lib/thumb/v7-m\libc_nano.a(lib_a-init.o)
                              c:/st/stm32cubeide_1.4.0/stm32cubeide/plugins/com.st.stm32cube.ide.mcu.externaltools.gnu-tools-for-stm32.7-2018-q2-update.win32_1.4.0.202007081208/tools/bin/../lib/gcc/arm-none-eabi/7.3.1/../../../../arm-none-eabi/lib/thumb/v7-m/crt0.o (__libc_init_array)
c:/st/stm32cubeide_1.4.0/stm32cubeide/plugins/com.st.stm32cube.ide.mcu.externaltools.gnu-tools-for-stm32.7-2018-q2-update.win32_1.4.0.202007081208/tools/bin/../lib/gcc/arm-none-eabi/7.3.1/../../../../arm-none-eabi/lib/thumb/v7-m\libc_nano.a(lib_a-memset.o)
                              c:/st/stm32cubeide_1.4.0/stm32cubeide/plugins/com.st.stm32cube.ide.mcu.externaltools.gnu-tools-for-stm32.7-2018-q2-update.win32_1.4.0.202007081208/tools/bin/../lib/gcc/arm-none-eabi/7.3.1/../../../../arm-none-eabi/lib/thumb/v7-m/crt0.o (memset)
c:/st/stm32cubeide_1.4.0/stm32cubeide/plugins/com.st.stm32cube.ide.mcu.externaltools.gnu-tools-for-stm32.7-2018-q2-update.win32_1.4.0.202007081208/tools/bin/../lib/gcc/arm-none-eabi/7.3.1/../../../../arm-none-eabi/lib/thumb/v7-m\libc_nano.a(lib_a-sprintf.o)
                              Src/STM32F103C_Drivers/HAL_Drivers/LCD_DRIVER/lcd.o (sprintf)
c:/st/stm32cubeide_1.4.0/stm32cubeide/plugins/com.st.stm32cube.ide.mcu.externaltools.gnu-tools-for-stm32.7-2018-q2-update.win32_1.4.0.202007081208/tools/bin/../lib/gcc/arm-none-eabi/7.3.1/../../../../arm-none-eabi/lib/thumb/v7-m\libc_nano.a(lib_a-nano-svfprintf.o)
                              c:/st/stm32cubeide_1.4.0/stm32cubeide/plugins/com.st.stm32cube.ide.mcu.externaltools.gnu-tools-for-stm32.7-2018-q2-update.win32_1.4.0.202007081208/tools/bin/../lib/gcc/arm-none-eabi/7.3.1/../../../../arm-none-eabi/lib/thumb/v7-m\libc_nano.a(lib_a-sprintf.o) (_svfprintf_r)
c:/st/stm32cubeide_1.4.0/stm32cubeide/plugins/com.st.stm32cube.ide.mcu.externaltools.gnu-tools-for-stm32.7-2018-q2-update.win32_1.4.0.202007081208/tools/bin/../lib/gcc/arm-none-eabi/7.3.1/../../../../arm-none-eabi/lib/thumb/v7-m\libc_nano.a(lib_a-nano-vfprintf_i.o)
                              c:/st/stm32cubeide_1.4.0/stm32cubeide/plugins/com.st.stm32cube.ide.mcu.externaltools.gnu-tools-for-stm32.7-2018-q2-update.win32_1.4.0.202007081208/tools/bin/../lib/gcc/arm-none-eabi/7.3.1/../../../../arm-none-eabi/lib/thumb/v7-m\libc_nano.a(lib_a-nano-svfprintf.o) (_printf_i)
c:/st/stm32cubeide_1.4.0/stm32cubeide/plugins/com.st.stm32cube.ide.mcu.externaltools.gnu-tools-for-stm32.7-2018-q2-update.win32_1.4.0.202007081208/tools/bin/../lib/gcc/arm-none-eabi/7.3.1/../../../../arm-none-eabi/lib/thumb/v7-m\libc_nano.a(lib_a-memchr-stub.o)
                              c:/st/stm32cubeide_1.4.0/stm32cubeide/plugins/com.st.stm32cube.ide.mcu.externaltools.gnu-tools-for-stm32.7-2018-q2-update.win32_1.4.0.202007081208/tools/bin/../lib/gcc/arm-none-eabi/7.3.1/../../../../arm-none-eabi/lib/thumb/v7-m\libc_nano.a(lib_a-nano-svfprintf.o) (memchr)
c:/st/stm32cubeide_1.4.0/stm32cubeide/plugins/com.st.stm32cube.ide.mcu.externaltools.gnu-tools-for-stm32.7-2018-q2-update.win32_1.4.0.202007081208/tools/bin/../lib/gcc/arm-none-eabi/7.3.1/../../../../arm-none-eabi/lib/thumb/v7-m\libc_nano.a(lib_a-memcpy-stub.o)
[...]
Memory Configuration

Name             Origin             Length             Attributes
RAM              0x0000000020000000 0x0000000000002800 xrw
ROM              0x0000000008000000 0x0000000000008000 xr
*default*        0x0000000000000000 0xffffffffffffffff

Linker script and memory map

LOAD c:/st/stm32cubeide_1.4.0/stm32cubeide/plugins/com.st.stm32cube.ide.mcu.externaltools.gnu-tools-for-stm32.7-2018-q2-update.win32_1.4.0.202007081208/tools/bin/../lib/gcc/arm-none-eabi/7.3.1/thumb/v7-m/crti.o
LOAD c:/st/stm32cubeide_1.4.0/stm32cubeide/plugins/com.st.stm32cube.ide.mcu.externaltools.gnu-tools-for-stm32.7-2018-q2-update.win32_1.4.0.202007081208/tools/bin/../lib/gcc/arm-none-eabi/7.3.1/thumb/v7-m/crtbegin.o
LOAD c:/st/stm32cubeide_1.4.0/stm32cubeide/plugins/com.st.stm32cube.ide.mcu.externaltools.gnu-tools-for-stm32.7-2018-q2-update.win32_1.4.0.202007081208/tools/bin/../lib/gcc/arm-none-eabi/7.3.1/../../../../arm-none-eabi/lib/thumb/v7-m/crt0.o
LOAD Src/STM32F103C_Drivers/HAL_Drivers/I2C_EEPROM_SLAVE/EEPROM.o
LOAD Src/STM32F103C_Drivers/HAL_Drivers/KEYPAD_DRIVER/keypad.o
LOAD Src/STM32F103C_Drivers/HAL_Drivers/LCD_DRIVER/lcd.o
LOAD Src/STM32F103C_Drivers/MCAL_Drivers/EXTI_DRIVER/ext_interrupt.o
LOAD Src/STM32F103C_Drivers/MCAL_Drivers/GPIO_DRIVER/gpio.o
LOAD Src/STM32F103C_Drivers/MCAL_Drivers/I2C_DRIVER/i2c.o
LOAD Src/STM32F103C_Drivers/MCAL_Drivers/RCC_DRIVER/rcc.o
LOAD Src/STM32F103C_Drivers/MCAL_Drivers/SPI_DRIVER/spi.o
LOAD Src/STM32F103C_Drivers/MCAL_Drivers/USART_DRIVER/usart.o
LOAD Src/main.o
LOAD Src/syscalls.o
LOAD Src/sysmem.o
LOAD Startup/startup_stm32f103c6tx.o
START GROUP
LOAD c:/st/stm32cubeide_1.4.0/stm32cubeide/plugins/com.st.stm32cube.ide.mcu.externaltools.gnu-tools-for-stm32.7-2018-q2-update.win32_1.4.0.202007081208/tools/bin/../lib/gcc/arm-none-eabi/7.3.1/../../../../arm-none-eabi/lib/thumb/v7-m\libc_nano.a
LOAD c:/st/stm32cubeide_1.4.0/stm32cubeide/plugins/com.st.stm32cube.ide.mcu.externaltools.gnu-tools-for-stm32.7-2018-q2-update.win32_1.4.0.202007081208/tools/bin/../lib/gcc/arm-none-eabi/7.3.1/../../../../arm-none-eabi/lib/thumb/v7-m\libm.a
END GROUP
START GROUP
LOAD c:/st/stm32cubeide_1.4.0/stm32cubeide/plugins/com.st.stm32cube.ide.mcu.externaltools.gnu-tools-for-stm32.7-2018-q2-update.win32_1.4.0.202007081208/tools/bin/../lib/gcc/arm-none-eabi/7.3.1/thumb/v7-m\libgcc.a
LOAD c:/st/stm32cubeide_1.4.0/stm32cubeide/plugins/com.st.stm32cube.ide.mcu.externaltools.gnu-tools-for-stm32.7-2018-q2-update.win32_1.4.0.202007081208/tools/bin/../lib/gcc/arm-none-eabi/7.3.1/../../../../arm-none-eabi/lib/thumb/v7-m\libg_nano.a
LOAD c:/st/stm32cubeide_1.4.0/stm32cubeide/plugins/com.st.stm32cube.ide.mcu.externaltools.gnu-tools-for-stm32.7-2018-q2-update.win32_1.4.0.202007081208/tools/bin/../lib/gcc/arm-none-eabi/7.3.1/../../../../arm-none-eabi/lib/thumb/v7-m\libc_nano.a
END GROUP
START GROUP
LOAD c:/st/stm32cubeide_1.4.0/stm32cubeide/plugins/com.st.stm32cube.ide.mcu.externaltools.gnu-tools-for-stm32.7-2018-q2-update.win32_1.4.0.202007081208/tools/bin/../lib/gcc/arm-none-eabi/7.3.1/thumb/v7-m\libgcc.a
LOAD c:/st/stm32cubeide_1.4.0/stm32cubeide/plugins/com.st.stm32cube.ide.mcu.externaltools.gnu-tools-for-stm32.7-2018-q2-update.win32_1.4.0.202007081208/tools/bin/../lib/gcc/arm-none-eabi/7.3.1/../../../../arm-none-eabi/lib/thumb/v7-m\libc_nano.a
LOAD c:/st/stm32cubeide_1.4.0/stm32cubeide/plugins/com.st.stm32cube.ide.mcu.externaltools.gnu-tools-for-stm32.7-2018-q2-update.win32_1.4.0.202007081208/tools/bin/../lib/gcc/arm-none-eabi/7.3.1/../../../../arm-none-eabi/lib/thumb/v7-m\libnosys.a
END GROUP
START GROUP
LOAD c:/st/stm32cubeide_1.4.0/stm32cubeide/plugins/com.st.stm32cube.ide.mcu.externaltools.gnu-tools-for-stm32.7-2018-q2-update.win32_1.4.0.202007081208/tools/bin/../lib/gcc/arm-none-eabi/7.3.1/thumb/v7-m\libgcc.a
LOAD c:/st/stm32cubeide_1.4.0/stm32cubeide/plugins/com.st.stm32cube.ide.mcu.externaltools.gnu-tools-for-stm32.7-2018-q2-update.win32_1.4.0.202007081208/tools/bin/../lib/gcc/arm-none-eabi/7.3.1/../../../../arm-none-eabi/lib/thumb/v7-m\libc_nano.a
LOAD c:/st/stm32cubeide_1.4.0/stm32cubeide/plugins/com.st.stm32cube.ide.mcu.externaltools.gnu-tools-for-stm32.7-2018-q2-update.win32_1.4.0.202007081208/tools/bin/../lib/gcc/arm-none-eabi/7.3.1/../../../../arm-none-eabi/lib/thumb/v7-m\libnosys.a
END GROUP
LOAD c:/st/stm32cubeide_1.4.0/stm32cubeide/plugins/com.st.stm32cube.ide.mcu.externaltools.gnu-tools-for-stm32.7-2018-q2-update.win32_1.4.0.202007081208/tools/bin/../lib/gcc/arm-none-eabi/7.3.1/thumb/v7-m/crtend.o
LOAD c:/st/stm32cubeide_1.4.0/stm32cubeide/plugins/com.st.stm32cube.ide.mcu.externaltools.gnu-tools-for-stm32.7-2018-q2-update.win32_1.4.0.202007081208/tools/bin/../lib/gcc/arm-none-eabi/7.3.1/thumb/v7-m/crtn.o
                0x0000000020002800                _estack = (ORIGIN (RAM) + LENGTH (RAM))
                0x0000000000000200                _Min_Heap_Size = 0x200
                0x0000000000000400                _Min_Stack_Size = 0x400

.isr_vector     0x0000000008000000      0x130
                0x0000000008000000                . = ALIGN (0x4)
 *(.isr_vector)
 .isr_vector    0x0000000008000000      0x130 Startup/startup_stm32f103c6tx.o
                0x0000000008000000                g_pfnVectors
                0x0000000008000130                . = ALIGN (0x4)

.text           0x0000000008000130      0xd00
                0x0000000008000130                . = ALIGN (0x4)
 *(.text)
 .text          0x0000000008000130       0x40 c:/st/stm32cubeide_1.4.0/stm32cubeide/plugins/com.st.stm32cube.ide.mcu.externaltools.gnu-tools-for-stm32.7-2018-q2-update.win32_1.4.0.202007081208/tools/bin/../lib/gcc/arm-none-eabi/7.3.1/thumb/v7-m/crtbegin.o
 *(.text*)
 .text.Enable_NVIC
                0x0000000008000170       0xcc Src/STM32F103C_Drivers/MCAL_Drivers/EXTI_DRIVER/ext_interrupt.o
                0x0000000008000170                Enable_NVIC
 .text.Disable_NVIC
                0x000000000800023c       0xc8 Src/STM32F103C_Drivers/MCAL_Drivers/EXTI_DRIVER/ext_interrupt.o
                0x000000000800023c                Disable_NVIC
 .text.UPDATE_EXTI
                0x0000000008000304      0x1b8 Src/STM32F103C_Drivers/MCAL_Drivers/EXTI_DRIVER/ext_interrupt.o
                0x0000000008000304                UPDATE_EXTI
 .text.MCAL_EXTI_Init
                0x00000000080004bc       0x16 Src/STM32F103C_Drivers/MCAL_Drivers/EXTI_DRIVER/ext_interrupt.o
                0x00000000080004bc                MCAL_EXTI_Init
 *fill*         0x00000000080004d2        0x2 
 .text.EXTI0_IRQHandler
                0x00000000080004d4       0x24 Src/STM32F103C_Drivers/MCAL_Drivers/EXTI_DRIVER/ext_interrupt.o
                0x00000000080004d4                EXTI0_IRQHandler
 .text.EXTI1_IRQHandler
                0x00000000080004f8       0x24 Src/STM32F103C_Drivers/MCAL_Drivers/EXTI_DRIVER/ext_interrupt.o
                0x00000000080004f8                EXTI1_IRQHandler
 .text.EXTI2_IRQHandler
                0x000000000800051c       0x24 Src/STM32F103C_Drivers/MCAL_Drivers/EXTI_DRIVER/ext_interrupt.o
                0x000000000800051c                EXTI2_IRQHandler
 .text.EXTI3_IRQHandler
                0x0000000008000540       0x24 Src/STM32F103C_Drivers/MCAL_Drivers/EXTI_DRIVER/ext_interrupt.o
                0x0000000008000540                EXTI3_IRQHandler
 .text.EXTI4_IRQHandler
                0x0000000008000564       0x24 Src/STM32F103C_Drivers/MCAL_Drivers/EXTI_DRIVER/ext_interrupt.o
                0x0000000008000564                EXTI4_IRQHandler
 .text.EXTI9_5_IRQHandler
                0x0000000008000588       0xa8 Src/STM32F103C_Drivers/MCAL_Drivers/EXTI_DRIVER/ext_interrupt.o
                0x0000000008000588                EXTI9_5_IRQHandler
 .text.EXTI15_10_IRQHandler
                0x0000000008000630       0xc4 Src/STM32F103C_Drivers/MCAL_Drivers/EXTI_DRIVER/ext_interrupt.o
                0x0000000008000630                EXTI15_10_IRQHandler
 .text.GET_CRLH_POSITION
                0x00000000080006f4       0xc6 Src/STM32F103C_Drivers/MCAL_Drivers/GPIO_DRIVER/gpio.o
                0x00000000080006f4                GET_CRLH_POSITION
 .text.MCAL_GPIO_Init
                0x00000000080007ba      0x16e Src/STM32F103C_Drivers/MCAL_Drivers/GPIO_DRIVER/gpio.o
                0x00000000080007ba                MCAL_GPIO_Init
 .text.I2C1_EV_IRQHandler
                0x0000000008000928       0xf4 Src/STM32F103C_Drivers/MCAL_Drivers/I2C_DRIVER/i2c.o
                0x0000000008000928                I2C1_EV_IRQHandler
 .text.I2C1_ER_IRQHandler
                0x0000000008000a1c        0xc Src/STM32F103C_Drivers/MCAL_Drivers/I2C_DRIVER/i2c.o
                0x0000000008000a1c                I2C1_ER_IRQHandler
 .text.I2C2_EV_IRQHandler
                0x0000000008000a28        0xc Src/STM32F103C_Drivers/MCAL_Drivers/I2C_DRIVER/i2c.o
                0x0000000008000a28                I2C2_EV_IRQHandler
 .text.I2C2_ER_IRQHandler
                0x0000000008000a34        0xc Src/STM32F103C_Drivers/MCAL_Drivers/I2C_DRIVER/i2c.o
                0x0000000008000a34                I2C2_ER_IRQHandler
 .text.SPI1_IRQHandler
                0x0000000008000a40       0x58 Src/STM32F103C_Drivers/MCAL_Drivers/SPI_DRIVER/spi.o
                0x0000000008000a40                SPI1_IRQHandler
 .text.SPI2_IRQHandler
                0x0000000008000a98       0x58 Src/STM32F103C_Drivers/MCAL_Drivers/SPI_DRIVER/spi.o
                0x0000000008000a98                SPI2_IRQHandler
 .text.USART1_IRQHandler
                0x0000000008000af0       0x14 Src/STM32F103C_Drivers/MCAL_Drivers/USART_DRIVER/usart.o
                0x0000000008000af0                USART1_IRQHandler
 .text.USART2_IRQHandler
                0x0000000008000b04       0x14 Src/STM32F103C_Drivers/MCAL_Drivers/USART_DRIVER/usart.o
                0x0000000008000b04                USART2_IRQHandler
 .text.USART3_IRQHandler
                0x0000000008000b18       0x14 Src/STM32F103C_Drivers/MCAL_Drivers/USART_DRIVER/usart.o
                0x0000000008000b18                USART3_IRQHandler
 .text.CPU_Access_Level
                0x0000000008000b2c       0x40 Src/main.o
                0x0000000008000b2c                CPU_Access_Level
 .text.clock_init
                0x0000000008000b6c       0x28 Src/main.o
                0x0000000008000b6c                clock_init
 .text.SVC_Handler
                0x0000000008000b94        0xe Src/main.o
                0x0000000008000b94                SVC_Handler
 .text.HardFault_Handler
                0x0000000008000ba2        0xc Src/main.o
                0x0000000008000ba2                HardFault_Handler
 *fill*         0x0000000008000bae        0x2 
 .text.EXTI9_CALLBACK
                0x0000000008000bb0       0x44 Src/main.o
                0x0000000008000bb0                EXTI9_CALLBACK
 .text.TaskA    0x0000000008000bf4       0x20 Src/main.o
                0x0000000008000bf4                TaskA
 .text.TaskB    0x0000000008000c14       0x26 Src/main.o
                0x0000000008000c14                TaskB
 *fill*         0x0000000008000c3a        0x2 
 .text.MainOs   0x0000000008000c3c       0xf8 Src/main.o
                0x0000000008000c3c                MainOs
 .text.main     0x0000000008000d34       0x48 Src/main.o
                0x0000000008000d34                main
 .text.Reset_Handler
                0x0000000008000d7c       0x50 Startup/startup_stm32f103c6tx.o
                0x0000000008000d7c                Reset_Handler
 .text.Default_Handler
                0x0000000008000dcc        0x2 Startup/startup_stm32f103c6tx.o
                0x0000000008000dcc                TIM8_TRG_COM_IRQHandler
                0x0000000008000dcc                TIM8_CC_IRQHandler
                0x0000000008000dcc                DebugMon_Handler
                0x0000000008000dcc                TIM1_CC_IRQHandler
                0x0000000008000dcc                TIM6_IRQHandler
                0x0000000008000dcc                SysTick_Handler
                0x0000000008000dcc                PVD_IRQHandler
                0x0000000008000dcc                SDIO_IRQHandler
                0x0000000008000dcc                PendSV_Handler
                0x0000000008000dcc                NMI_Handler
                0x0000000008000dcc                USB_HP_CAN_TX_IRQHandler
                0x0000000008000dcc                UsageFault_Handler
                0x0000000008000dcc                ADC1_2_IRQHandler
                0x0000000008000dcc                CAN_SCE_IRQHandler
                0x0000000008000dcc                TAMPER_IRQHandler
                0x0000000008000dcc                TIM8_UP_IRQHandler
                0x0000000008000dcc                DMA2_Channel2_IRQHandler
                0x0000000008000dcc                DMA1_Channel4_IRQHandler
                0x0000000008000dcc                RTC_IRQHandler
                0x0000000008000dcc                DMA1_Channel7_IRQHandler
                0x0000000008000dcc                UART5_IRQHandler
                0x0000000008000dcc                ADC3_IRQHandler
                0x0000000008000dcc                TIM4_IRQHandler
                0x0000000008000dcc                CAN_RX1_IRQHandler
                0x0000000008000dcc                DMA2_Channel1_IRQHandler
                0x0000000008000dcc                DMA1_Channel6_IRQHandler
                0x0000000008000dcc                UART4_IRQHandler
                0x0000000008000dcc                TIM3_IRQHandler
                0x0000000008000dcc                RCC_IRQHandler
                0x0000000008000dcc                TIM1_TRG_COM_IRQHandler
                0x0000000008000dcc                DMA1_Channel1_IRQHandler
                0x0000000008000dcc                Default_Handler
                0x0000000008000dcc                TIM7_IRQHandler
                0x0000000008000dcc                TIM5_IRQHandler
                0x0000000008000dcc                USB_LP_CAN_RX0_IRQHandler
                0x0000000008000dcc                MemManage_Handler
                0x0000000008000dcc                DMA1_Channel5_IRQHandler
                0x0000000008000dcc                DMA1_Channel3_IRQHandler
                0x0000000008000dcc                FSMC_IRQHandler
                0x0000000008000dcc                TIM1_UP_IRQHandler
                0x0000000008000dcc                WWDG_IRQHandler
                0x0000000008000dcc                TIM2_IRQHandler
                0x0000000008000dcc                TIM1_BRK_IRQHandler
                0x0000000008000dcc                RTCAlarm_IRQHandler
                0x0000000008000dcc                DMA2_Channel4_5_IRQHandler
                0x0000000008000dcc                DMA1_Channel2_IRQHandler
                0x0000000008000dcc                TIM8_BRK_IRQHandler
                0x0000000008000dcc                FLASH_IRQHandler
                0x0000000008000dcc                BusFault_Handler
                0x0000000008000dcc                SPI3_IRQHandler
                0x0000000008000dcc                DMA2_Channel3_IRQHandler
 *fill*         0x0000000008000dce        0x2 
 .text.__libc_init_array
                0x0000000008000dd0       0x48 c:/st/stm32cubeide_1.4.0/stm32cubeide/plugins/com.st.stm32cube.ide.mcu.externaltools.gnu-tools-for-stm32.7-2018-q2-update.win32_1.4.0.202007081208/tools/bin/../lib/gcc/arm-none-eabi/7.3.1/../../../../arm-none-eabi/lib/thumb/v7-m\libc_nano.a(lib_a-init.o)
                0x0000000008000dd0                __libc_init_array
 *(.glue_7)
 .glue_7        0x0000000008000e18        0x0 linker stubs
 *(.glue_7t)
 .glue_7t       0x0000000008000e18        0x0 linker stubs
 *(.eh_frame)
 .eh_frame      0x0000000008000e18        0x0 c:/st/stm32cubeide_1.4.0/stm32cubeide/plugins/com.st.stm32cube.ide.mcu.externaltools.gnu-tools-for-stm32.7-2018-q2-update.win32_1.4.0.202007081208/tools/bin/../lib/gcc/arm-none-eabi/7.3.1/thumb/v7-m/crtbegin.o
 *(.init)
 .init          0x0000000008000e18        0x4 c:/st/stm32cubeide_1.4.0/stm32cubeide/plugins/com.st.stm32cube.ide.mcu.externaltools.gnu-tools-for-stm32.7-2018-q2-update.win32_1.4.0.202007081208/tools/bin/../lib/gcc/arm-none-eabi/7.3.1/thumb/v7-m/crti.o
                0x0000000008000e18                _init
 .init          0x0000000008000e1c        0x8 c:/st/stm32cubeide_1.4.0/stm32cubeide/plugins/com.st.stm32cube.ide.mcu.externaltools.gnu-tools-for-stm32.7-2018-q2-update.win32_1.4.0.202007081208/tools/bin/../lib/gcc/arm-none-eabi/7.3.1/thumb/v7-m/crtn.o
 *(.fini)
 .fini          0x0000000008000e24        0x4 c:/st/stm32cubeide_1.4.0/stm32cubeide/plugins/com.st.stm32cube.ide.mcu.externaltools.gnu-tools-for-stm32.7-2018-q2-update.win32_1.4.0.202007081208/tools/bin/../lib/gcc/arm-none-eabi/7.3.1/thumb/v7-m/crti.o
                0x0000000008000e24                _fini
 .fini          0x0000000008000e28        0x8 c:/st/stm32cubeide_1.4.0/stm32cubeide/plugins/com.st.stm32cube.ide.mcu.externaltools.gnu-tools-for-stm32.7-2018-q2-update.win32_1.4.0.202007081208/tools/bin/../lib/gcc/arm-none-eabi/7.3.1/thumb/v7-m/crtn.o
                0x0000000008000e30                . = ALIGN (0x4)
                0x0000000008000e30                _etext = .

.vfp11_veneer   0x0000000008000e30        0x0
 .vfp11_veneer  0x0000000008000e30        0x0 linker stubs

.v4_bx          0x0000000008000e30        0x0
 .v4_bx         0x0000000008000e30        0x0 linker stubs

.iplt           0x0000000008000e30        0x0
 .iplt          0x0000000008000e30        0x0 c:/st/stm32cubeide_1.4.0/stm32cubeide/plugins/com.st.stm32cube.ide.mcu.externaltools.gnu-tools-for-stm32.7-2018-q2-update.win32_1.4.0.202007081208/tools/bin/../lib/gcc/arm-none-eabi/7.3.1/thumb/v7-m/crtbegin.o

.rodata         0x0000000008000e30        0xc
                0x0000000008000e30                . = ALIGN (0x4)
 *(.rodata)
 .rodata        0x0000000008000e30        0xc Src/main.o
 *(.rodata*)
                0x0000000008000e3c                . = ALIGN (0x4)

.rel.dyn        0x0000000008000e3c        0x0
 .rel.iplt      0x0000000008000e3c        0x0 c:/st/stm32cubeide_1.4.0/stm32cubeide/plugins/com.st.stm32cube.ide.mcu.externaltools.gnu-tools-for-stm32.7-2018-q2-update.win32_1.4.0.202007081208/tools/bin/../lib/gcc/arm-none-eabi/7.3.1/thumb/v7-m/crtbegin.o

.ARM.extab      0x0000000008000e3c        0x0
                0x0000000008000e3c                . = ALIGN (0x4)
 *(.ARM.extab* .gnu.linkonce.armextab.*)
                0x0000000008000e3c                . = ALIGN (0x4)

.ARM            0x0000000008000e3c        0x0
                0x0000000008000e3c                . = ALIGN (0x4)
                0x0000000008000e3c                __exidx_start = .
 *(.ARM.exidx*)
                0x0000000008000e3c                __exidx_end = .
                0x0000000008000e3c                . = ALIGN (0x4)

.preinit_array  0x0000000008000e3c        0x0
                0x0000000008000e3c                . = ALIGN (0x4)
                0x0000000008000e3c                PROVIDE (__preinit_array_start = .)
 *(.preinit_array*)
                0x0000000008000e3c                PROVIDE (__preinit_array_end = .)
                0x0000000008000e3c                . = ALIGN (0x4)

.init_array     0x0000000008000e3c        0x4
                0x0000000008000e3c                . = ALIGN (0x4)
                0x0000000008000e3c                PROVIDE (__init_array_start = .)
 *(SORT_BY_NAME(.init_array.*))
 *(.init_array*)
 .init_array    0x0000000008000e3c        0x4 c:/st/stm32cubeide_1.4.0/stm32cubeide/plugins/com.st.stm32cube.ide.mcu.externaltools.gnu-tools-for-stm32.7-2018-q2-update.win32_1.4.0.202007081208/tools/bin/../lib/gcc/arm-none-eabi/7.3.1/thumb/v7-m/crtbegin.o
                0x0000000008000e40                PROVIDE (__init_array_end = .)
                0x0000000008000e40                . = ALIGN (0x4)

.fini_array     0x0000000008000e40        0x4
                0x0000000008000e40                . = ALIGN (0x4)
                [!provide]                        PROVIDE (__fini_array_start = .)
 *(SORT_BY_NAME(.fini_array.*))
 *(.fini_array*)
 .fini_array    0x0000000008000e40        0x4 c:/st/stm32cubeide_1.4.0/stm32cubeide/plugins/com.st.stm32cube.ide.mcu.externaltools.gnu-tools-for-stm32.7-2018-q2-update.win32_1.4.0.202007081208/tools/bin/../lib/gcc/arm-none-eabi/7.3.1/thumb/v7-m/crtbegin.o
                [!provide]                        PROVIDE (__fini_array_end = .)
                0x0000000008000e44                . = ALIGN (0x4)
                0x0000000008000e44                _sidata = LOADADDR (.data)

.data           0x0000000020000000        0x4 load address 0x0000000008000e44
                0x0000000020000000                . = ALIGN (0x4)
                0x0000000020000000                _sdata = .
 *(.data)
 *(.data*)
 .data._S_MSP   0x0000000020000000        0x4 Src/main.o
                0x0000000020000000                _S_MSP
                0x0000000020000004                . = ALIGN (0x4)
                0x0000000020000004                _edata = .

.igot.plt       0x0000000020000004        0x0 load address 0x0000000008000e48
 .igot.plt      0x0000000020000004        0x0 c:/st/stm32cubeide_1.4.0/stm32cubeide/plugins/com.st.stm32cube.ide.mcu.externaltools.gnu-tools-for-stm32.7-2018-q2-update.win32_1.4.0.202007081208/tools/bin/../lib/gcc/arm-none-eabi/7.3.1/thumb/v7-m/crtbegin.o
                0x0000000020000004                . = ALIGN (0x4)

.bss            0x0000000020000004       0xd4 load address 0x0000000008000e48
                0x0000000020000004                _sbss = .
                0x0000000020000004                __bss_start__ = _sbss
 *(.bss)
 .bss           0x0000000020000004       0x1c c:/st/stm32cubeide_1.4.0/stm32cubeide/plugins/com.st.stm32cube.ide.mcu.externaltools.gnu-tools-for-stm32.7-2018-q2-update.win32_1.4.0.202007081208/tools/bin/../lib/gcc/arm-none-eabi/7.3.1/thumb/v7-m/crtbegin.o
 *(.bss*)
 .bss.GP_IRQ_CALLBACK
                0x0000000020000020       0x3c Src/STM32F103C_Drivers/MCAL_Drivers/EXTI_DRIVER/ext_interrupt.o
 .bss.G_I2C_Config
                0x000000002000005c       0x50 Src/STM32F103C_Drivers/MCAL_Drivers/I2C_DRIVER/i2c.o
                0x000000002000005c                G_I2C_Config
 .bss.Global_SPI_Config
                0x00000000200000ac        0x8 Src/STM32F103C_Drivers/MCAL_Drivers/SPI_DRIVER/spi.o
                0x00000000200000ac                Global_SPI_Config
 .bss.Global_UART_Config
                0x00000000200000b4        0x4 Src/STM32F103C_Drivers/MCAL_Drivers/USART_DRIVER/usart.o
                0x00000000200000b4                Global_UART_Config
 .bss.Flag      0x00000000200000b8        0x1 Src/main.o
                0x00000000200000b8                Flag
 *(COMMON)
 *fill*         0x00000000200000b9        0x3 
 COMMON         0x00000000200000bc       0x1c Src/main.o
                0x00000000200000bc                _E_MSP
                0x00000000200000c0                _S_PSP_TA
                0x00000000200000c4                TaskB_flag
                0x00000000200000c8                _S_PSP_TB
                0x00000000200000cc                TaskA_flag
                0x00000000200000d0                _E_PSP_TB
                0x00000000200000d4                _E_PSP_TA
                0x00000000200000d8                . = ALIGN (0x4)
                0x00000000200000d8                _ebss = .
                0x00000000200000d8                __bss_end__ = _ebss

._user_heap_stack
                0x00000000200000d8      0x600 load address 0x0000000008000e48
                0x00000000200000d8                . = ALIGN (0x8)
                [!provide]                        PROVIDE (end = .)
                0x00000000200000d8                PROVIDE (_end = .)
                0x00000000200002d8                . = (. + _Min_Heap_Size)
 *fill*         0x00000000200000d8      0x200 
                0x00000000200006d8                . = (. + _Min_Stack_Size)
 *fill*         0x00000000200002d8      0x400 
                0x00000000200006d8                . = ALIGN (0x8)

/DISCARD/
 libc.a(*)
 libm.a(*)
 libgcc.a(*)

.ARM.attributes
                0x0000000000000000       0x29
 *(.ARM.attributes)
 .ARM.attributes
                0x0000000000000000       0x1d c:/st/stm32cubeide_1.4.0/stm32cubeide/plugins/com.st.stm32cube.ide.mcu.externaltools.gnu-tools-for-stm32.7-2018-q2-update.win32_1.4.0.202007081208/tools/bin/../lib/gcc/arm-none-eabi/7.3.1/thumb/v7-m/crti.o
 .ARM.attributes
                0x000000000000001d       0x2d c:/st/stm32cubeide_1.4.0/stm32cubeide/plugins/com.st.stm32cube.ide.mcu.externaltools.gnu-tools-for-stm32.7-2018-q2-update.win32_1.4.0.202007081208/tools/bin/../lib/gcc/arm-none-eabi/7.3.1/thumb/v7-m/crtbegin.o
 .ARM.attributes
                0x000000000000004a       0x33 Src/STM32F103C_Drivers/MCAL_Drivers/EXTI_DRIVER/ext_interrupt.o
 .ARM.attributes
                0x000000000000007d       0x33 Src/STM32F103C_Drivers/MCAL_Drivers/GPIO_DRIVER/gpio.o
 .ARM.attributes
                0x00000000000000b0       0x33 Src/STM32F103C_Drivers/MCAL_Drivers/I2C_DRIVER/i2c.o
 .ARM.attributes
                0x00000000000000e3       0x33 Src/STM32F103C_Drivers/MCAL_Drivers/SPI_DRIVER/spi.o
 .ARM.attributes
                0x0000000000000116       0x33 Src/STM32F103C_Drivers/MCAL_Drivers/USART_DRIVER/usart.o
 .ARM.attributes
                0x0000000000000149       0x33 Src/main.o
 .ARM.attributes
                0x000000000000017c       0x21 Startup/startup_stm32f103c6tx.o
 .ARM.attributes
                0x000000000000019d       0x2d c:/st/stm32cubeide_1.4.0/stm32cubeide/plugins/com.st.stm32cube.ide.mcu.externaltools.gnu-tools-for-stm32.7-2018-q2-update.win32_1.4.0.202007081208/tools/bin/../lib/gcc/arm-none-eabi/7.3.1/../../../../arm-none-eabi/lib/thumb/v7-m\libc_nano.a(lib_a-init.o)
 .ARM.attributes
                0x00000000000001ca       0x1d c:/st/stm32cubeide_1.4.0/stm32cubeide/plugins/com.st.stm32cube.ide.mcu.externaltools.gnu-tools-for-stm32.7-2018-q2-update.win32_1.4.0.202007081208/tools/bin/../lib/gcc/arm-none-eabi/7.3.1/thumb/v7-m/crtn.o
OUTPUT(STM32_DRIVERS.elf elf32-littlearm)

.debug_info     0x0000000000000000     0x590c
 .debug_info    0x0000000000000000      0xdd5 Src/STM32F103C_Drivers/MCAL_Drivers/EXTI_DRIVER/ext_interrupt.o
 .debug_info    0x0000000000000dd5      0xe1d Src/STM32F103C_Drivers/MCAL_Drivers/GPIO_DRIVER/gpio.o
 .debug_info    0x0000000000001bf2     0x11fd Src/STM32F103C_Drivers/MCAL_Drivers/I2C_DRIVER/i2c.o
 .debug_info    0x0000000000002def      0xf03 Src/STM32F103C_Drivers/MCAL_Drivers/SPI_DRIVER/spi.o
 .debug_info    0x0000000000003cf2      0xe19 Src/STM32F103C_Drivers/MCAL_Drivers/USART_DRIVER/usart.o
 .debug_info    0x0000000000004b0b      0xddf Src/main.o
 .debug_info    0x00000000000058ea       0x22 Startup/startup_stm32f103c6tx.o

.debug_abbrev   0x0000000000000000      0xe88
 .debug_abbrev  0x0000000000000000      0x224 Src/STM32F103C_Drivers/MCAL_Drivers/EXTI_DRIVER/ext_interrupt.o
 .debug_abbrev  0x0000000000000224      0x288 Src/STM32F103C_Drivers/MCAL_Drivers/GPIO_DRIVER/gpio.o
 .debug_abbrev  0x00000000000004ac      0x2a1 Src/STM32F103C_Drivers/MCAL_Drivers/I2C_DRIVER/i2c.o
 .debug_abbrev  0x000000000000074d      0x274 Src/STM32F103C_Drivers/MCAL_Drivers/SPI_DRIVER/spi.o
 .debug_abbrev  0x00000000000009c1      0x24a Src/STM32F103C_Drivers/MCAL_Drivers/USART_DRIVER/usart.o
 .debug_abbrev  0x0000000000000c0b      0x26b Src/main.o
 .debug_abbrev  0x0000000000000e76       0x12 Startup/startup_stm32f103c6tx.o

.debug_loc      0x0000000000000000     0x143c
 .debug_loc     0x0000000000000000      0x320 Src/STM32F103C_Drivers/MCAL_Drivers/EXTI_DRIVER/ext_interrupt.o
 .debug_loc     0x0000000000000320      0x3d0 Src/STM32F103C_Drivers/MCAL_Drivers/GPIO_DRIVER/gpio.o
 .debug_loc     0x00000000000006f0      0x530 Src/STM32F103C_Drivers/MCAL_Drivers/I2C_DRIVER/i2c.o
 .debug_loc     0x0000000000000c20      0x2bc Src/STM32F103C_Drivers/MCAL_Drivers/SPI_DRIVER/spi.o
 .debug_loc     0x0000000000000edc      0x294 Src/STM32F103C_Drivers/MCAL_Drivers/USART_DRIVER/usart.o
 .debug_loc     0x0000000000001170      0x2cc Src/main.o

.debug_aranges  0x0000000000000000      0x2d0
 .debug_aranges
                0x0000000000000000       0x80 Src/STM32F103C_Drivers/MCAL_Drivers/EXTI_DRIVER/ext_interrupt.o
 .debug_aranges
                0x0000000000000080       0x70 Src/STM32F103C_Drivers/MCAL_Drivers/GPIO_DRIVER/gpio.o
 .debug_aranges
                0x00000000000000f0       0x98 Src/STM32F103C_Drivers/MCAL_Drivers/I2C_DRIVER/i2c.o
 .debug_aranges
                0x0000000000000188       0x58 Src/STM32F103C_Drivers/MCAL_Drivers/SPI_DRIVER/spi.o
 .debug_aranges
                0x00000000000001e0       0x60 Src/STM32F103C_Drivers/MCAL_Drivers/USART_DRIVER/usart.o
 .debug_aranges
                0x0000000000000240       0x68 Src/main.o
 .debug_aranges
                0x00000000000002a8       0x28 Startup/startup_stm32f103c6tx.o

.debug_ranges   0x0000000000000000      0x268
 .debug_ranges  0x0000000000000000       0x70 Src/STM32F103C_Drivers/MCAL_Drivers/EXTI_DRIVER/ext_interrupt.o
 .debug_ranges  0x0000000000000070       0x60 Src/STM32F103C_Drivers/MCAL_Drivers/GPIO_DRIVER/gpio.o
 .debug_ranges  0x00000000000000d0       0x88 Src/STM32F103C_Drivers/MCAL_Drivers/I2C_DRIVER/i2c.o
 .debug_ranges  0x0000000000000158       0x48 Src/STM32F103C_Drivers/MCAL_Drivers/SPI_DRIVER/spi.o
 .debug_ranges  0x00000000000001a0       0x50 Src/STM32F103C_Drivers/MCAL_Drivers/USART_DRIVER/usart.o
 .debug_ranges  0x00000000000001f0       0x58 Src/main.o
 .debug_ranges  0x0000000000000248       0x20 Startup/startup_stm32f103c6tx.o

.debug_macro    0x0000000000000000     0x12d8
 .debug_macro   0x0000000000000000      0x219 Src/STM32F103C_Drivers/MCAL_Drivers/EXTI_DRIVER/ext_interrupt.o
 .debug_macro   0x0000000000000219      0x230 Src/STM32F103C_Drivers/MCAL_Drivers/EXTI_DRIVER/ext_interrupt.o
 .debug_macro   0x0000000000000449      0x204 Src/STM32F103C_Drivers/MCAL_Drivers/GPIO_DRIVER/gpio.o
 .debug_macro   0x000000000000064d      0x228 Src/STM32F103C_Drivers/MCAL_Drivers/I2C_DRIVER/i2c.o
 .debug_macro   0x0000000000000875      0x22b Src/STM32F103C_Drivers/MCAL_Drivers/SPI_DRIVER/spi.o
 .debug_macro   0x0000000000000aa0       0xcd Src/STM32F103C_Drivers/MCAL_Drivers/SPI_DRIVER/spi.o
 .debug_macro   0x0000000000000b6d      0x21c Src/STM32F103C_Drivers/MCAL_Drivers/USART_DRIVER/usart.o
 .debug_macro   0x0000000000000d89       0xe8 Src/STM32F103C_Drivers/MCAL_Drivers/USART_DRIVER/usart.o
 .debug_macro   0x0000000000000e71      0x231 Src/main.o
 .debug_macro   0x00000000000010a2      0x236 Src/main.o

.debug_line     0x0000000000000000     0x2f07
 .debug_line    0x0000000000000000      0x7d3 Src/STM32F103C_Drivers/MCAL_Drivers/EXTI_DRIVER/ext_interrupt.o
 .debug_line    0x00000000000007d3      0x701 Src/STM32F103C_Drivers/MCAL_Drivers/GPIO_DRIVER/gpio.o
 .debug_line    0x0000000000000ed4      0x911 Src/STM32F103C_Drivers/MCAL_Drivers/I2C_DRIVER/i2c.o
 .debug_line    0x00000000000017e5      0x76a Src/STM32F103C_Drivers/MCAL_Drivers/SPI_DRIVER/spi.o
 .debug_line    0x0000000000001f4f      0x7c1 Src/STM32F103C_Drivers/MCAL_Drivers/USART_DRIVER/usart.o
 .debug_line    0x0000000000002710      0x773 Src/main.o
 .debug_line    0x0000000000002e83       0x84 Startup/startup_stm32f103c6tx.o

.debug_str      0x0000000000000000     0xd4ff
 .debug_str     0x0000000000000000     0xbb1f Src/STM32F103C_Drivers/MCAL_Drivers/EXTI_DRIVER/ext_interrupt.o
                                       0xbd8f (size before relaxing)
 .debug_str     0x000000000000bb1f      0x1a3 Src/STM32F103C_Drivers/MCAL_Drivers/GPIO_DRIVER/gpio.o
                                       0xaa45 (size before relaxing)
 .debug_str     0x000000000000bcc2      0x69f Src/STM32F103C_Drivers/MCAL_Drivers/I2C_DRIVER/i2c.o
                                       0xaf6f (size before relaxing)
 .debug_str     0x000000000000c361      0x754 Src/STM32F103C_Drivers/MCAL_Drivers/SPI_DRIVER/spi.o
                                       0xb036 (size before relaxing)
 .debug_str     0x000000000000cab5      0x791 Src/STM32F103C_Drivers/MCAL_Drivers/USART_DRIVER/usart.o
                                       0xb10b (size before relaxing)
 .debug_str     0x000000000000d246      0x288 Src/main.o
                                       0xbe26 (size before relaxing)
 .debug_str     0x000000000000d4ce       0x31 Startup/startup_stm32f103c6tx.o
                                         0x71 (size before relaxing)

.comment        0x0000000000000000       0x7b
 .comment       0x0000000000000000       0x7b Src/STM32F103C_Drivers/MCAL_Drivers/EXTI_DRIVER/ext_interrupt.o
                                         0x7c (size before relaxing)
 .comment       0x000000000000007b       0x7c Src/STM32F103C_Drivers/MCAL_Drivers/GPIO_DRIVER/gpio.o
 .comment       0x000000000000007b       0x7c Src/STM32F103C_Drivers/MCAL_Drivers/I2C_DRIVER/i2c.o
 .comment       0x000000000000007b       0x7c Src/STM32F103C_Drivers/MCAL_Drivers/SPI_DRIVER/spi.o
 .comment       0x000000000000007b       0x7c Src/STM32F103C_Drivers/MCAL_Drivers/USART_DRIVER/usart.o
 .comment       0x000000000000007b       0x7c Src/main.o

.debug_frame    0x0000000000000000      0x9fc
 .debug_frame   0x0000000000000000      0x1b0 Src/STM32F103C_Drivers/MCAL_Drivers/EXTI_DRIVER/ext_interrupt.o
 .debug_frame   0x00000000000001b0      0x1c0 Src/STM32F103C_Drivers/MCAL_Drivers/GPIO_DRIVER/gpio.o
 .debug_frame   0x0000000000000370      0x268 Src/STM32F103C_Drivers/MCAL_Drivers/I2C_DRIVER/i2c.o
 .debug_frame   0x00000000000005d8      0x144 Src/STM32F103C_Drivers/MCAL_Drivers/SPI_DRIVER/spi.o
 .debug_frame   0x000000000000071c      0x14c Src/STM32F103C_Drivers/MCAL_Drivers/USART_DRIVER/usart.o
 .debug_frame   0x0000000000000868      0x168 Src/main.o
 .debug_frame   0x00000000000009d0       0x2c c:/st/stm32cubeide_1.4.0/stm32cubeide/plugins/com.st.stm32cube.ide.mcu.externaltools.gnu-tools-for-stm32.7-2018-q2-update.win32_1.4.0.202007081208/tools/bin/../lib/gcc/arm-none-eabi/7.3.1/../../../../arm-none-eabi/lib/thumb/v7-m\libc_nano.a(lib_a-init.o)
