Scheduler.c:57:6:bubbleSort	24	static
Scheduler.c:79:6:MyRTOS_Update_SchedTable	24	static
Scheduler.c:128:6:OS_Decision	8	static
Scheduler.c:153:6:OS_SVC_SET	16	static,ignoring_inline_asm
Scheduler.c:177:6:OS_SVC	24	static
Scheduler.c:217:6:Update_WaitingTime	16	static
Scheduler.c:233:28:PendSV_Handler	0	static,ignoring_inline_asm
Scheduler.c:307:6:MyRTOS_CreateTaskStack	24	static
Scheduler.c:345:6:MyRTOS_IdleTask	4	static,ignoring_inline_asm
Scheduler.c:355:6:MyRTOS_Create_MainStack	4	static
Scheduler.c:368:15:MyRTOS_Create_Task	24	static
Scheduler.c:399:15:MyRTOS_init	16	static
Scheduler.c:428:6:MyRTOS_Activate_Task	16	static
Scheduler.c:434:6:MyRTOS_Terminate_Task	16	static
Scheduler.c:442:6:MyRTOS_Waiting_Task	16	static
Scheduler.c:453:15:MyRTOS_Acquire_Mutex	16	static
Scheduler.c:472:6:MyRTOS_Release_Mutex	16	static
Scheduler.c:484:6:MyRTOS_StartOS	8	static,ignoring_inline_asm
