Archive member included to satisfy reference by file (symbol)

c:/st/stm32cubeide_1.4.0/stm32cubeide/plugins/com.st.stm32cube.ide.mcu.externaltools.gnu-tools-for-stm32.7-2018-q2-update.win32_1.4.0.202007081208/tools/bin/../lib/gcc/arm-none-eabi/7.3.1/../../../../arm-none-eabi/lib/thumb/v7-m\libc_nano.a(lib_a-errno.o)
                              Src/syscalls.o (__errno)
c:/st/stm32cubeide_1.4.0/stm32cubeide/plugins/com.st.stm32cube.ide.mcu.externaltools.gnu-tools-for-stm32.7-2018-q2-update.win32_1.4.0.202007081208/tools/bin/../lib/gcc/arm-none-eabi/7.3.1/../../../../arm-none-eabi/lib/thumb/v7-m\libc_nano.a(lib_a-exit.o)
                              c:/st/stm32cubeide_1.4.0/stm32cubeide/plugins/com.st.stm32cube.ide.mcu.externaltools.gnu-tools-for-stm32.7-2018-q2-update.win32_1.4.0.202007081208/tools/bin/../lib/gcc/arm-none-eabi/7.3.1/../../../../arm-none-eabi/lib/thumb/v7-m/crt0.o (exit)
c:/st/stm32cubeide_1.4.0/stm32cubeide/plugins/com.st.stm32cube.ide.mcu.externaltools.gnu-tools-for-stm32.7-2018-q2-update.win32_1.4.0.202007081208/tools/bin/../lib/gcc/arm-none-eabi/7.3.1/../../../../arm-none-eabi/lib/thumb/v7-m\libc_nano.a(lib_a-impure.o)
                              c:/st/stm32cubeide_1.4.0/stm32cubeide/plugins/com.st.stm32cube.ide.mcu.externaltools.gnu-tools-for-stm32.7-2018-q2-update.win32_1.4.0.202007081208/tools/bin/../lib/gcc/arm-none-eabi/7.3.1/../../../../arm-none-eabi/lib/thumb/v7-m\libc_nano.a(lib_a-exit.o) (_global_impure_ptr)
c:/st/stm32cubeide_1.4.0/stm32cubeide/plugins/com.st.stm32cube.ide.mcu.externaltools.gnu-tools-for-stm32.7-2018-q2-update.win32_1.4.0.202007081208/tools/bin/../lib/gcc/arm-none-eabi/7.3.1/../../../../arm-none-eabi/lib/thumb/v7-m\libc_nano.a(lib_a-init.o)
                              c:/st/stm32cubeide_1.4.0/stm32cubeide/plugins/com.st.stm32cube.ide.mcu.externaltools.gnu-tools-for-stm32.7-2018-q2-update.win32_1.4.0.202007081208/tools/bin/../lib/gcc/arm-none-eabi/7.3.1/../../../../arm-none-eabi/lib/thumb/v7-m/crt0.o (__libc_init_array)
c:/st/stm32cubeide_1.4.0/stm32cubeide/plugins/com.st.stm32cube.ide.mcu.externaltools.gnu-tools-for-stm32.7-2018-q2-update.win32_1.4.0.202007081208/tools/bin/../lib/gcc/arm-none-eabi/7.3.1/../../../../arm-none-eabi/lib/thumb/v7-m\libc_nano.a(lib_a-memset.o)
                              c:/st/stm32cubeide_1.4.0/stm32cubeide/plugins/com.st.stm32cube.ide.mcu.externaltools.gnu-tools-for-stm32.7-2018-q2-update.win32_1.4.0.202007081208/tools/bin/../lib/gcc/arm-none-eabi/7.3.1/../../../../arm-none-eabi/lib/thumb/v7-m/crt0.o (memset)
c:/st/stm32cubeide_1.4.0/stm32cubeide/plugins/com.st.stm32cube.ide.mcu.externaltools.gnu-tools-for-stm32.7-2018-q2-update.win32_1.4.0.202007081208/tools/bin/../lib/gcc/arm-none-eabi/7.3.1/../../../../arm-none-eabi/lib/thumb/v7-m\libc_nano.a(lib_a-sprintf.o)
                              Src/STM32F103C_Drivers/HAL_Drivers/LCD_DRIVER/lcd.o (sprintf)
c:/st/stm32cubeide_1.4.0/stm32cubeide/plugins/com.st.stm32cube.ide.mcu.externaltools.gnu-tools-for-stm32.7-2018-q2-update.win32_1.4.0.202007081208/tools/bin/../lib/gcc/arm-none-eabi/7.3.1/../../../../arm-none-eabi/lib/thumb/v7-m\libc_nano.a(lib_a-nano-svfprintf.o)
                              c:/st/stm32cubeide_1.4.0/stm32cubeide/plugins/com.st.stm32cube.ide.mcu.externaltools.gnu-tools-for-stm32.7-2018-q2-update.win32_1.4.0.202007081208/tools/bin/../lib/gcc/arm-none-eabi/7.3.1/../../../../arm-none-eabi/lib/thumb/v7-m\libc_nano.a(lib_a-sprintf.o) (_svfprintf_r)
c:/st/stm32cubeide_1.4.0/stm32cubeide/plugins/com.st.stm32cube.ide.mcu.externaltools.gnu-tools-for-stm32.7-2018-q2-update.win32_1.4.0.202007081208/tools/bin/../lib/gcc/arm-none-eabi/7.3.1/../../../../arm-none-eabi/lib/thumb/v7-m\libc_nano.a(lib_a-nano-vfprintf_i.o)
                              c:/st/stm32cubeide_1.4.0/stm32cubeide/plugins/com.st.stm32cube.ide.mcu.externaltools.gnu-tools-for-stm32.7-2018-q2-update.win32_1.4.0.202007081208/tools/bin/../lib/gcc/arm-none-eabi/7.3.1/../../../../arm-none-eabi/lib/thumb/v7-m\libc_nano.a(lib_a-nano-svfprintf.o) (_printf_i)
c:/st/stm32cubeide_1.4.0/stm32cubeide/plugins/com.st.stm32cube.ide.mcu.externaltools.gnu-tools-for-stm32.7-2018-q2-update.win32_1.4.0.202007081208/tools/bin/../lib/gcc/arm-none-eabi/7.3.1/../../../../arm-none-eabi/lib/thumb/v7-m\libc_nano.a(lib_a-memchr-stub.o)
                              c:/st/stm32cubeide_1.4.0/stm32cubeide/plugins/com.st.stm32cube.ide.mcu.externaltools.gnu-tools-for-stm32.7-2018-q2-update.win32_1.4.0.202007081208/tools/bin/../lib/gcc/arm-none-eabi/7.3.1/../../../../arm-none-eabi/lib/thumb/v7-m\libc_nano.a(lib_a-nano-svfprintf.o) (memchr)
c:/st/stm32cubeide_1.4.0/stm32cubeide/plugins/com.st.stm32cube.ide.mcu.externaltools.gnu-tools-for-stm32.7-2018-q2-update.win32_1.4.0.202007081208/tools/bin/../lib/gcc/arm-none-eabi/7.3.1/../../../../arm-none-eabi/lib/thumb/v7-m\libc_nano.a(lib_a-memcpy-stub.o)
[...]
Memory Configuration

Name             Origin             Length             Attributes
RAM              0x0000000020000000 0x0000000000002800 xrw
ROM              0x0000000008000000 0x0000000000008000 xr
*default*        0x0000000000000000 0xffffffffffffffff

Linker script and memory map

LOAD c:/st/stm32cubeide_1.4.0/stm32cubeide/plugins/com.st.stm32cube.ide.mcu.externaltools.gnu-tools-for-stm32.7-2018-q2-update.win32_1.4.0.202007081208/tools/bin/../lib/gcc/arm-none-eabi/7.3.1/thumb/v7-m/crti.o
LOAD c:/st/stm32cubeide_1.4.0/stm32cubeide/plugins/com.st.stm32cube.ide.mcu.externaltools.gnu-tools-for-stm32.7-2018-q2-update.win32_1.4.0.202007081208/tools/bin/../lib/gcc/arm-none-eabi/7.3.1/thumb/v7-m/crtbegin.o
LOAD c:/st/stm32cubeide_1.4.0/stm32cubeide/plugins/com.st.stm32cube.ide.mcu.externaltools.gnu-tools-for-stm32.7-2018-q2-update.win32_1.4.0.202007081208/tools/bin/../lib/gcc/arm-none-eabi/7.3.1/../../../../arm-none-eabi/lib/thumb/v7-m/crt0.o
LOAD Src/STM32F103C_Drivers/HAL_Drivers/KEYPAD_DRIVER/keypad.o
LOAD Src/STM32F103C_Drivers/HAL_Drivers/LCD_DRIVER/lcd.o
LOAD Src/STM32F103C_Drivers/MCAL_Drivers/EXTI_DRIVER/ext_interrupt.o
LOAD Src/STM32F103C_Drivers/MCAL_Drivers/GPIO_DRIVER/gpio.o
LOAD Src/STM32F103C_Drivers/MCAL_Drivers/I2C_DRIVER/i2c.o
LOAD Src/STM32F103C_Drivers/MCAL_Drivers/RCC_DRIVER/rcc.o
LOAD Src/STM32F103C_Drivers/MCAL_Drivers/SPI_DRIVER/spi.o
LOAD Src/STM32F103C_Drivers/MCAL_Drivers/USART_DRIVER/usart.o
LOAD Src/main.o
LOAD Src/syscalls.o
LOAD Src/sysmem.o
LOAD Startup/startup_stm32f103c6tx.o
START GROUP
LOAD c:/st/stm32cubeide_1.4.0/stm32cubeide/plugins/com.st.stm32cube.ide.mcu.externaltools.gnu-tools-for-stm32.7-2018-q2-update.win32_1.4.0.202007081208/tools/bin/../lib/gcc/arm-none-eabi/7.3.1/../../../../arm-none-eabi/lib/thumb/v7-m\libc_nano.a
LOAD c:/st/stm32cubeide_1.4.0/stm32cubeide/plugins/com.st.stm32cube.ide.mcu.externaltools.gnu-tools-for-stm32.7-2018-q2-update.win32_1.4.0.202007081208/tools/bin/../lib/gcc/arm-none-eabi/7.3.1/../../../../arm-none-eabi/lib/thumb/v7-m\libm.a
END GROUP
START GROUP
LOAD c:/st/stm32cubeide_1.4.0/stm32cubeide/plugins/com.st.stm32cube.ide.mcu.externaltools.gnu-tools-for-stm32.7-2018-q2-update.win32_1.4.0.202007081208/tools/bin/../lib/gcc/arm-none-eabi/7.3.1/thumb/v7-m\libgcc.a
LOAD c:/st/stm32cubeide_1.4.0/stm32cubeide/plugins/com.st.stm32cube.ide.mcu.externaltools.gnu-tools-for-stm32.7-2018-q2-update.win32_1.4.0.202007081208/tools/bin/../lib/gcc/arm-none-eabi/7.3.1/../../../../arm-none-eabi/lib/thumb/v7-m\libg_nano.a
LOAD c:/st/stm32cubeide_1.4.0/stm32cubeide/plugins/com.st.stm32cube.ide.mcu.externaltools.gnu-tools-for-stm32.7-2018-q2-update.win32_1.4.0.202007081208/tools/bin/../lib/gcc/arm-none-eabi/7.3.1/../../../../arm-none-eabi/lib/thumb/v7-m\libc_nano.a
END GROUP
START GROUP
LOAD c:/st/stm32cubeide_1.4.0/stm32cubeide/plugins/com.st.stm32cube.ide.mcu.externaltools.gnu-tools-for-stm32.7-2018-q2-update.win32_1.4.0.202007081208/tools/bin/../lib/gcc/arm-none-eabi/7.3.1/thumb/v7-m\libgcc.a
LOAD c:/st/stm32cubeide_1.4.0/stm32cubeide/plugins/com.st.stm32cube.ide.mcu.externaltools.gnu-tools-for-stm32.7-2018-q2-update.win32_1.4.0.202007081208/tools/bin/../lib/gcc/arm-none-eabi/7.3.1/../../../../arm-none-eabi/lib/thumb/v7-m\libc_nano.a
LOAD c:/st/stm32cubeide_1.4.0/stm32cubeide/plugins/com.st.stm32cube.ide.mcu.externaltools.gnu-tools-for-stm32.7-2018-q2-update.win32_1.4.0.202007081208/tools/bin/../lib/gcc/arm-none-eabi/7.3.1/../../../../arm-none-eabi/lib/thumb/v7-m\libnosys.a
END GROUP
START GROUP
LOAD c:/st/stm32cubeide_1.4.0/stm32cubeide/plugins/com.st.stm32cube.ide.mcu.externaltools.gnu-tools-for-stm32.7-2018-q2-update.win32_1.4.0.202007081208/tools/bin/../lib/gcc/arm-none-eabi/7.3.1/thumb/v7-m\libgcc.a
LOAD c:/st/stm32cubeide_1.4.0/stm32cubeide/plugins/com.st.stm32cube.ide.mcu.externaltools.gnu-tools-for-stm32.7-2018-q2-update.win32_1.4.0.202007081208/tools/bin/../lib/gcc/arm-none-eabi/7.3.1/../../../../arm-none-eabi/lib/thumb/v7-m\libc_nano.a
LOAD c:/st/stm32cubeide_1.4.0/stm32cubeide/plugins/com.st.stm32cube.ide.mcu.externaltools.gnu-tools-for-stm32.7-2018-q2-update.win32_1.4.0.202007081208/tools/bin/../lib/gcc/arm-none-eabi/7.3.1/../../../../arm-none-eabi/lib/thumb/v7-m\libnosys.a
END GROUP
LOAD c:/st/stm32cubeide_1.4.0/stm32cubeide/plugins/com.st.stm32cube.ide.mcu.externaltools.gnu-tools-for-stm32.7-2018-q2-update.win32_1.4.0.202007081208/tools/bin/../lib/gcc/arm-none-eabi/7.3.1/thumb/v7-m/crtend.o
LOAD c:/st/stm32cubeide_1.4.0/stm32cubeide/plugins/com.st.stm32cube.ide.mcu.externaltools.gnu-tools-for-stm32.7-2018-q2-update.win32_1.4.0.202007081208/tools/bin/../lib/gcc/arm-none-eabi/7.3.1/thumb/v7-m/crtn.o
                0x0000000020002800                _estack = (ORIGIN (RAM) + LENGTH (RAM))
                0x0000000000000200                _Min_Heap_Size = 0x200
                0x0000000000000400                _Min_Stack_Size = 0x400

.isr_vector     0x0000000008000000      0x130
                0x0000000008000000                . = ALIGN (0x4)
 *(.isr_vector)
 .isr_vector    0x0000000008000000      0x130 Startup/startup_stm32f103c6tx.o
                0x0000000008000000                g_pfnVectors
                0x0000000008000130                . = ALIGN (0x4)

.text           0x0000000008000130      0x620
                0x0000000008000130                . = ALIGN (0x4)
 *(.text)
 .text          0x0000000008000130       0x40 c:/st/stm32cubeide_1.4.0/stm32cubeide/plugins/com.st.stm32cube.ide.mcu.externaltools.gnu-tools-for-stm32.7-2018-q2-update.win32_1.4.0.202007081208/tools/bin/../lib/gcc/arm-none-eabi/7.3.1/thumb/v7-m/crtbegin.o
 *(.text*)
 .text.EXTI0_IRQHandler
                0x0000000008000170       0x18 Src/STM32F103C_Drivers/MCAL_Drivers/EXTI_DRIVER/ext_interrupt.o
                0x0000000008000170                EXTI0_IRQHandler
 .text.EXTI1_IRQHandler
                0x0000000008000188       0x18 Src/STM32F103C_Drivers/MCAL_Drivers/EXTI_DRIVER/ext_interrupt.o
                0x0000000008000188                EXTI1_IRQHandler
 .text.EXTI2_IRQHandler
                0x00000000080001a0       0x18 Src/STM32F103C_Drivers/MCAL_Drivers/EXTI_DRIVER/ext_interrupt.o
                0x00000000080001a0                EXTI2_IRQHandler
 .text.EXTI3_IRQHandler
                0x00000000080001b8       0x18 Src/STM32F103C_Drivers/MCAL_Drivers/EXTI_DRIVER/ext_interrupt.o
                0x00000000080001b8                EXTI3_IRQHandler
 .text.EXTI4_IRQHandler
                0x00000000080001d0       0x18 Src/STM32F103C_Drivers/MCAL_Drivers/EXTI_DRIVER/ext_interrupt.o
                0x00000000080001d0                EXTI4_IRQHandler
 .text.GET_CRLH_POSITION
                0x00000000080001e8       0x6c Src/STM32F103C_Drivers/MCAL_Drivers/GPIO_DRIVER/gpio.o
                0x00000000080001e8                GET_CRLH_POSITION
 .text.MCAL_GPIO_Init
                0x0000000008000254       0x82 Src/STM32F103C_Drivers/MCAL_Drivers/GPIO_DRIVER/gpio.o
                0x0000000008000254                MCAL_GPIO_Init
 *fill*         0x00000000080002d6        0x2 
 .text.I2C1_EV_IRQHandler
                0x00000000080002d8       0x88 Src/STM32F103C_Drivers/MCAL_Drivers/I2C_DRIVER/i2c.o
                0x00000000080002d8                I2C1_EV_IRQHandler
 .text.I2C1_ER_IRQHandler
                0x0000000008000360        0x2 Src/STM32F103C_Drivers/MCAL_Drivers/I2C_DRIVER/i2c.o
                0x0000000008000360                I2C1_ER_IRQHandler
 .text.I2C2_EV_IRQHandler
                0x0000000008000362        0x2 Src/STM32F103C_Drivers/MCAL_Drivers/I2C_DRIVER/i2c.o
                0x0000000008000362                I2C2_EV_IRQHandler
 .text.I2C2_ER_IRQHandler
                0x0000000008000364        0x2 Src/STM32F103C_Drivers/MCAL_Drivers/I2C_DRIVER/i2c.o
                0x0000000008000364                I2C2_ER_IRQHandler
 *fill*         0x0000000008000366        0x2 
 .text.MCAL_RCC_GET_SYSCLK_FREQ
                0x0000000008000368       0x20 Src/STM32F103C_Drivers/MCAL_Drivers/RCC_DRIVER/rcc.o
                0x0000000008000368                MCAL_RCC_GET_SYSCLK_FREQ
 .text.MCAL_RCC_GET_HCLK_FREQ
                0x0000000008000388       0x20 Src/STM32F103C_Drivers/MCAL_Drivers/RCC_DRIVER/rcc.o
                0x0000000008000388                MCAL_RCC_GET_HCLK_FREQ
 .text.MCAL_RCC_GET_PCLK1_FREQ
                0x00000000080003a8       0x20 Src/STM32F103C_Drivers/MCAL_Drivers/RCC_DRIVER/rcc.o
                0x00000000080003a8                MCAL_RCC_GET_PCLK1_FREQ
 .text.MCAL_RCC_GET_PCLK2_FREQ
                0x00000000080003c8       0x20 Src/STM32F103C_Drivers/MCAL_Drivers/RCC_DRIVER/rcc.o
                0x00000000080003c8                MCAL_RCC_GET_PCLK2_FREQ
 .text.SPI1_IRQHandler
                0x00000000080003e8       0x28 Src/STM32F103C_Drivers/MCAL_Drivers/SPI_DRIVER/spi.o
                0x00000000080003e8                SPI1_IRQHandler
 .text.SPI2_IRQHandler
                0x0000000008000410       0x28 Src/STM32F103C_Drivers/MCAL_Drivers/SPI_DRIVER/spi.o
                0x0000000008000410                SPI2_IRQHandler
 .text.MCAL_UART_INIT
                0x0000000008000438      0x100 Src/STM32F103C_Drivers/MCAL_Drivers/USART_DRIVER/usart.o
                0x0000000008000438                MCAL_UART_INIT
 .text.MCAL_UART_GPIO_SET_PINS
                0x0000000008000538       0x9c Src/STM32F103C_Drivers/MCAL_Drivers/USART_DRIVER/usart.o
                0x0000000008000538                MCAL_UART_GPIO_SET_PINS
 .text.MCAL_UART_SEND_DATA
                0x00000000080005d4        0xe Src/STM32F103C_Drivers/MCAL_Drivers/USART_DRIVER/usart.o
                0x00000000080005d4                MCAL_UART_SEND_DATA
 *fill*         0x00000000080005e2        0x2 
 .text.MCAL_UART_RECEIVE_DATA
                0x00000000080005e4       0x24 Src/STM32F103C_Drivers/MCAL_Drivers/USART_DRIVER/usart.o
                0x00000000080005e4                MCAL_UART_RECEIVE_DATA
 .text.USART1_IRQHandler
                0x0000000008000608        0xc Src/STM32F103C_Drivers/MCAL_Drivers/USART_DRIVER/usart.o
                0x0000000008000608                USART1_IRQHandler
 .text.USART2_IRQHandler
                0x0000000008000614        0x4 Src/STM32F103C_Drivers/MCAL_Drivers/USART_DRIVER/usart.o
                0x0000000008000614                USART2_IRQHandler
 .text.USART3_IRQHandler
                0x0000000008000618        0x4 Src/STM32F103C_Drivers/MCAL_Drivers/USART_DRIVER/usart.o
                0x0000000008000618                USART3_IRQHandler
 .text.USART_IRQ_CallBack
                0x000000000800061c       0x28 Src/main.o
                0x000000000800061c                USART_IRQ_CallBack
 .text.clock_init
                0x0000000008000644       0x20 Src/main.o
                0x0000000008000644                clock_init
 .text.startup.main
                0x0000000008000664       0x38 Src/main.o
                0x0000000008000664                main
 .text.Reset_Handler
                0x000000000800069c       0x50 Startup/startup_stm32f103c6tx.o
                0x000000000800069c                Reset_Handler
 .text.Default_Handler
                0x00000000080006ec        0x2 Startup/startup_stm32f103c6tx.o
                0x00000000080006ec                TIM8_TRG_COM_IRQHandler
                0x00000000080006ec                TIM8_CC_IRQHandler
                0x00000000080006ec                DebugMon_Handler
                0x00000000080006ec                TIM1_CC_IRQHandler
                0x00000000080006ec                HardFault_Handler
                0x00000000080006ec                TIM6_IRQHandler
                0x00000000080006ec                SysTick_Handler
                0x00000000080006ec                PVD_IRQHandler
                0x00000000080006ec                SDIO_IRQHandler
                0x00000000080006ec                PendSV_Handler
                0x00000000080006ec                NMI_Handler
                0x00000000080006ec                USB_HP_CAN_TX_IRQHandler
                0x00000000080006ec                UsageFault_Handler
                0x00000000080006ec                ADC1_2_IRQHandler
                0x00000000080006ec                CAN_SCE_IRQHandler
                0x00000000080006ec                TAMPER_IRQHandler
                0x00000000080006ec                TIM8_UP_IRQHandler
                0x00000000080006ec                DMA2_Channel2_IRQHandler
                0x00000000080006ec                DMA1_Channel4_IRQHandler
                0x00000000080006ec                RTC_IRQHandler
                0x00000000080006ec                DMA1_Channel7_IRQHandler
                0x00000000080006ec                UART5_IRQHandler
                0x00000000080006ec                ADC3_IRQHandler
                0x00000000080006ec                TIM4_IRQHandler
                0x00000000080006ec                CAN_RX1_IRQHandler
                0x00000000080006ec                DMA2_Channel1_IRQHandler
                0x00000000080006ec                DMA1_Channel6_IRQHandler
                0x00000000080006ec                UART4_IRQHandler
                0x00000000080006ec                TIM3_IRQHandler
                0x00000000080006ec                RCC_IRQHandler
                0x00000000080006ec                TIM1_TRG_COM_IRQHandler
                0x00000000080006ec                DMA1_Channel1_IRQHandler
                0x00000000080006ec                Default_Handler
                0x00000000080006ec                EXTI15_10_IRQHandler
                0x00000000080006ec                TIM7_IRQHandler
                0x00000000080006ec                TIM5_IRQHandler
                0x00000000080006ec                EXTI9_5_IRQHandler
                0x00000000080006ec                USB_LP_CAN_RX0_IRQHandler
                0x00000000080006ec                MemManage_Handler
                0x00000000080006ec                SVC_Handler
                0x00000000080006ec                DMA1_Channel5_IRQHandler
                0x00000000080006ec                DMA1_Channel3_IRQHandler
                0x00000000080006ec                FSMC_IRQHandler
                0x00000000080006ec                TIM1_UP_IRQHandler
                0x00000000080006ec                WWDG_IRQHandler
                0x00000000080006ec                TIM2_IRQHandler
                0x00000000080006ec                TIM1_BRK_IRQHandler
                0x00000000080006ec                RTCAlarm_IRQHandler
                0x00000000080006ec                DMA2_Channel4_5_IRQHandler
                0x00000000080006ec                DMA1_Channel2_IRQHandler
                0x00000000080006ec                TIM8_BRK_IRQHandler
                0x00000000080006ec                FLASH_IRQHandler
                0x00000000080006ec                BusFault_Handler
                0x00000000080006ec                SPI3_IRQHandler
                0x00000000080006ec                DMA2_Channel3_IRQHandler
 *fill*         0x00000000080006ee        0x2 
 .text.__libc_init_array
                0x00000000080006f0       0x48 c:/st/stm32cubeide_1.4.0/stm32cubeide/plugins/com.st.stm32cube.ide.mcu.externaltools.gnu-tools-for-stm32.7-2018-q2-update.win32_1.4.0.202007081208/tools/bin/../lib/gcc/arm-none-eabi/7.3.1/../../../../arm-none-eabi/lib/thumb/v7-m\libc_nano.a(lib_a-init.o)
                0x00000000080006f0                __libc_init_array
 *(.glue_7)
 .glue_7        0x0000000008000738        0x0 linker stubs
 *(.glue_7t)
 .glue_7t       0x0000000008000738        0x0 linker stubs
 *(.eh_frame)
 .eh_frame      0x0000000008000738        0x0 c:/st/stm32cubeide_1.4.0/stm32cubeide/plugins/com.st.stm32cube.ide.mcu.externaltools.gnu-tools-for-stm32.7-2018-q2-update.win32_1.4.0.202007081208/tools/bin/../lib/gcc/arm-none-eabi/7.3.1/thumb/v7-m/crtbegin.o
 *(.init)
 .init          0x0000000008000738        0x4 c:/st/stm32cubeide_1.4.0/stm32cubeide/plugins/com.st.stm32cube.ide.mcu.externaltools.gnu-tools-for-stm32.7-2018-q2-update.win32_1.4.0.202007081208/tools/bin/../lib/gcc/arm-none-eabi/7.3.1/thumb/v7-m/crti.o
                0x0000000008000738                _init
 .init          0x000000000800073c        0x8 c:/st/stm32cubeide_1.4.0/stm32cubeide/plugins/com.st.stm32cube.ide.mcu.externaltools.gnu-tools-for-stm32.7-2018-q2-update.win32_1.4.0.202007081208/tools/bin/../lib/gcc/arm-none-eabi/7.3.1/thumb/v7-m/crtn.o
 *(.fini)
 .fini          0x0000000008000744        0x4 c:/st/stm32cubeide_1.4.0/stm32cubeide/plugins/com.st.stm32cube.ide.mcu.externaltools.gnu-tools-for-stm32.7-2018-q2-update.win32_1.4.0.202007081208/tools/bin/../lib/gcc/arm-none-eabi/7.3.1/thumb/v7-m/crti.o
                0x0000000008000744                _fini
 .fini          0x0000000008000748        0x8 c:/st/stm32cubeide_1.4.0/stm32cubeide/plugins/com.st.stm32cube.ide.mcu.externaltools.gnu-tools-for-stm32.7-2018-q2-update.win32_1.4.0.202007081208/tools/bin/../lib/gcc/arm-none-eabi/7.3.1/thumb/v7-m/crtn.o
                0x0000000008000750                . = ALIGN (0x4)
                0x0000000008000750                _etext = .

.vfp11_veneer   0x0000000008000750        0x0
 .vfp11_veneer  0x0000000008000750        0x0 linker stubs

.v4_bx          0x0000000008000750        0x0
 .v4_bx         0x0000000008000750        0x0 linker stubs

.iplt           0x0000000008000750        0x0
 .iplt          0x0000000008000750        0x0 c:/st/stm32cubeide_1.4.0/stm32cubeide/plugins/com.st.stm32cube.ide.mcu.externaltools.gnu-tools-for-stm32.7-2018-q2-update.win32_1.4.0.202007081208/tools/bin/../lib/gcc/arm-none-eabi/7.3.1/thumb/v7-m/crtbegin.o

.rodata         0x0000000008000750       0x24
                0x0000000008000750                . = ALIGN (0x4)
 *(.rodata)
 *(.rodata*)
 .rodata.AHB_Prescalar
                0x0000000008000750       0x10 Src/STM32F103C_Drivers/MCAL_Drivers/RCC_DRIVER/rcc.o
                0x0000000008000750                AHB_Prescalar
 .rodata.APB_Prescalar
                0x0000000008000760        0x8 Src/STM32F103C_Drivers/MCAL_Drivers/RCC_DRIVER/rcc.o
                0x0000000008000760                APB_Prescalar
 .rodata.CSWTCH.1
                0x0000000008000768        0xc Src/STM32F103C_Drivers/MCAL_Drivers/RCC_DRIVER/rcc.o
                0x0000000008000774                . = ALIGN (0x4)

.rel.dyn        0x0000000008000774        0x0
 .rel.iplt      0x0000000008000774        0x0 c:/st/stm32cubeide_1.4.0/stm32cubeide/plugins/com.st.stm32cube.ide.mcu.externaltools.gnu-tools-for-stm32.7-2018-q2-update.win32_1.4.0.202007081208/tools/bin/../lib/gcc/arm-none-eabi/7.3.1/thumb/v7-m/crtbegin.o

.ARM.extab      0x0000000008000774        0x0
                0x0000000008000774                . = ALIGN (0x4)
 *(.ARM.extab* .gnu.linkonce.armextab.*)
                0x0000000008000774                . = ALIGN (0x4)

.ARM            0x0000000008000774        0x0
                0x0000000008000774                . = ALIGN (0x4)
                0x0000000008000774                __exidx_start = .
 *(.ARM.exidx*)
                0x0000000008000774                __exidx_end = .
                0x0000000008000774                . = ALIGN (0x4)

.preinit_array  0x0000000008000774        0x0
                0x0000000008000774                . = ALIGN (0x4)
                0x0000000008000774                PROVIDE (__preinit_array_start = .)
 *(.preinit_array*)
                0x0000000008000774                PROVIDE (__preinit_array_end = .)
                0x0000000008000774                . = ALIGN (0x4)

.init_array     0x0000000008000774        0x4
                0x0000000008000774                . = ALIGN (0x4)
                0x0000000008000774                PROVIDE (__init_array_start = .)
 *(SORT_BY_NAME(.init_array.*))
 *(.init_array*)
 .init_array    0x0000000008000774        0x4 c:/st/stm32cubeide_1.4.0/stm32cubeide/plugins/com.st.stm32cube.ide.mcu.externaltools.gnu-tools-for-stm32.7-2018-q2-update.win32_1.4.0.202007081208/tools/bin/../lib/gcc/arm-none-eabi/7.3.1/thumb/v7-m/crtbegin.o
                0x0000000008000778                PROVIDE (__init_array_end = .)
                0x0000000008000778                . = ALIGN (0x4)

.fini_array     0x0000000008000778        0x4
                0x0000000008000778                . = ALIGN (0x4)
                [!provide]                        PROVIDE (__fini_array_start = .)
 *(SORT_BY_NAME(.fini_array.*))
 *(.fini_array*)
 .fini_array    0x0000000008000778        0x4 c:/st/stm32cubeide_1.4.0/stm32cubeide/plugins/com.st.stm32cube.ide.mcu.externaltools.gnu-tools-for-stm32.7-2018-q2-update.win32_1.4.0.202007081208/tools/bin/../lib/gcc/arm-none-eabi/7.3.1/thumb/v7-m/crtbegin.o
                [!provide]                        PROVIDE (__fini_array_end = .)
                0x000000000800077c                . = ALIGN (0x4)
                0x000000000800077c                _sidata = LOADADDR (.data)

.data           0x0000000020000000        0x0 load address 0x000000000800077c
                0x0000000020000000                . = ALIGN (0x4)
                0x0000000020000000                _sdata = .
 *(.data)
 *(.data*)
                0x0000000020000000                . = ALIGN (0x4)
                0x0000000020000000                _edata = .

.igot.plt       0x0000000020000000        0x0 load address 0x000000000800077c
 .igot.plt      0x0000000020000000        0x0 c:/st/stm32cubeide_1.4.0/stm32cubeide/plugins/com.st.stm32cube.ide.mcu.externaltools.gnu-tools-for-stm32.7-2018-q2-update.win32_1.4.0.202007081208/tools/bin/../lib/gcc/arm-none-eabi/7.3.1/thumb/v7-m/crtbegin.o
                0x0000000020000000                . = ALIGN (0x4)

.bss            0x0000000020000000       0xcc load address 0x000000000800077c
                0x0000000020000000                _sbss = .
                0x0000000020000000                __bss_start__ = _sbss
 *(.bss)
 .bss           0x0000000020000000       0x1c c:/st/stm32cubeide_1.4.0/stm32cubeide/plugins/com.st.stm32cube.ide.mcu.externaltools.gnu-tools-for-stm32.7-2018-q2-update.win32_1.4.0.202007081208/tools/bin/../lib/gcc/arm-none-eabi/7.3.1/thumb/v7-m/crtbegin.o
 *(.bss*)
 .bss.G_I2C_Config
                0x000000002000001c       0x50 Src/STM32F103C_Drivers/MCAL_Drivers/I2C_DRIVER/i2c.o
                0x000000002000001c                G_I2C_Config
 .bss.Global_SPI_Config
                0x000000002000006c        0x8 Src/STM32F103C_Drivers/MCAL_Drivers/SPI_DRIVER/spi.o
                0x000000002000006c                Global_SPI_Config
 .bss.Global_UART_Config
                0x0000000020000074        0x4 Src/STM32F103C_Drivers/MCAL_Drivers/USART_DRIVER/usart.o
                0x0000000020000074                Global_UART_Config
 *(COMMON)
 COMMON         0x0000000020000078       0x50 Src/STM32F103C_Drivers/MCAL_Drivers/EXTI_DRIVER/ext_interrupt.o
                0x0000000020000078                GP_IRQ_CALLBACK
                0x00000000200000b4                EXTI_PinConfig
 COMMON         0x00000000200000c8        0x4 Src/main.o
                0x00000000200000c8                key
                0x00000000200000cc                . = ALIGN (0x4)
                0x00000000200000cc                _ebss = .
                0x00000000200000cc                __bss_end__ = _ebss

._user_heap_stack
                0x00000000200000cc      0x604 load address 0x000000000800077c
                0x00000000200000d0                . = ALIGN (0x8)
 *fill*         0x00000000200000cc        0x4 
                [!provide]                        PROVIDE (end = .)
                0x00000000200000d0                PROVIDE (_end = .)
                0x00000000200002d0                . = (. + _Min_Heap_Size)
 *fill*         0x00000000200000d0      0x200 
                0x00000000200006d0                . = (. + _Min_Stack_Size)
 *fill*         0x00000000200002d0      0x400 
                0x00000000200006d0                . = ALIGN (0x8)

/DISCARD/
 libc.a(*)
 libm.a(*)
 libgcc.a(*)

.ARM.attributes
                0x0000000000000000       0x29
 *(.ARM.attributes)
 .ARM.attributes
                0x0000000000000000       0x1d c:/st/stm32cubeide_1.4.0/stm32cubeide/plugins/com.st.stm32cube.ide.mcu.externaltools.gnu-tools-for-stm32.7-2018-q2-update.win32_1.4.0.202007081208/tools/bin/../lib/gcc/arm-none-eabi/7.3.1/thumb/v7-m/crti.o
 .ARM.attributes
                0x000000000000001d       0x2d c:/st/stm32cubeide_1.4.0/stm32cubeide/plugins/com.st.stm32cube.ide.mcu.externaltools.gnu-tools-for-stm32.7-2018-q2-update.win32_1.4.0.202007081208/tools/bin/../lib/gcc/arm-none-eabi/7.3.1/thumb/v7-m/crtbegin.o
 .ARM.attributes
                0x000000000000004a       0x33 Src/STM32F103C_Drivers/MCAL_Drivers/EXTI_DRIVER/ext_interrupt.o
 .ARM.attributes
                0x000000000000007d       0x33 Src/STM32F103C_Drivers/MCAL_Drivers/GPIO_DRIVER/gpio.o
 .ARM.attributes
                0x00000000000000b0       0x33 Src/STM32F103C_Drivers/MCAL_Drivers/I2C_DRIVER/i2c.o
 .ARM.attributes
                0x00000000000000e3       0x33 Src/STM32F103C_Drivers/MCAL_Drivers/RCC_DRIVER/rcc.o
 .ARM.attributes
                0x0000000000000116       0x33 Src/STM32F103C_Drivers/MCAL_Drivers/SPI_DRIVER/spi.o
 .ARM.attributes
                0x0000000000000149       0x33 Src/STM32F103C_Drivers/MCAL_Drivers/USART_DRIVER/usart.o
 .ARM.attributes
                0x000000000000017c       0x33 Src/main.o
 .ARM.attributes
                0x00000000000001af       0x21 Startup/startup_stm32f103c6tx.o
 .ARM.attributes
                0x00000000000001d0       0x2d c:/st/stm32cubeide_1.4.0/stm32cubeide/plugins/com.st.stm32cube.ide.mcu.externaltools.gnu-tools-for-stm32.7-2018-q2-update.win32_1.4.0.202007081208/tools/bin/../lib/gcc/arm-none-eabi/7.3.1/../../../../arm-none-eabi/lib/thumb/v7-m\libc_nano.a(lib_a-init.o)
 .ARM.attributes
                0x00000000000001fd       0x1d c:/st/stm32cubeide_1.4.0/stm32cubeide/plugins/com.st.stm32cube.ide.mcu.externaltools.gnu-tools-for-stm32.7-2018-q2-update.win32_1.4.0.202007081208/tools/bin/../lib/gcc/arm-none-eabi/7.3.1/thumb/v7-m/crtn.o
OUTPUT(STM32_DRIVERS.elf elf32-littlearm)

.debug_info     0x0000000000000000     0x6d3c
 .debug_info    0x0000000000000000      0xefe Src/STM32F103C_Drivers/MCAL_Drivers/EXTI_DRIVER/ext_interrupt.o
 .debug_info    0x0000000000000efe      0xe69 Src/STM32F103C_Drivers/MCAL_Drivers/GPIO_DRIVER/gpio.o
 .debug_info    0x0000000000001d67     0x171b Src/STM32F103C_Drivers/MCAL_Drivers/I2C_DRIVER/i2c.o
 .debug_info    0x0000000000003482      0xb32 Src/STM32F103C_Drivers/MCAL_Drivers/RCC_DRIVER/rcc.o
 .debug_info    0x0000000000003fb4     0x1064 Src/STM32F103C_Drivers/MCAL_Drivers/SPI_DRIVER/spi.o
 .debug_info    0x0000000000005018      0xe8b Src/STM32F103C_Drivers/MCAL_Drivers/USART_DRIVER/usart.o
 .debug_info    0x0000000000005ea3      0xe77 Src/main.o
 .debug_info    0x0000000000006d1a       0x22 Startup/startup_stm32f103c6tx.o

.debug_abbrev   0x0000000000000000     0x1325
 .debug_abbrev  0x0000000000000000      0x2cf Src/STM32F103C_Drivers/MCAL_Drivers/EXTI_DRIVER/ext_interrupt.o
 .debug_abbrev  0x00000000000002cf      0x2e6 Src/STM32F103C_Drivers/MCAL_Drivers/GPIO_DRIVER/gpio.o
 .debug_abbrev  0x00000000000005b5      0x3d8 Src/STM32F103C_Drivers/MCAL_Drivers/I2C_DRIVER/i2c.o
 .debug_abbrev  0x000000000000098d      0x1a5 Src/STM32F103C_Drivers/MCAL_Drivers/RCC_DRIVER/rcc.o
 .debug_abbrev  0x0000000000000b32      0x2b5 Src/STM32F103C_Drivers/MCAL_Drivers/SPI_DRIVER/spi.o
 .debug_abbrev  0x0000000000000de7      0x29a Src/STM32F103C_Drivers/MCAL_Drivers/USART_DRIVER/usart.o
 .debug_abbrev  0x0000000000001081      0x292 Src/main.o
 .debug_abbrev  0x0000000000001313       0x12 Startup/startup_stm32f103c6tx.o

.debug_loc      0x0000000000000000     0x1394
 .debug_loc     0x0000000000000000      0x1c3 Src/STM32F103C_Drivers/MCAL_Drivers/EXTI_DRIVER/ext_interrupt.o
 .debug_loc     0x00000000000001c3      0x3ea Src/STM32F103C_Drivers/MCAL_Drivers/GPIO_DRIVER/gpio.o
 .debug_loc     0x00000000000005ad      0x8ff Src/STM32F103C_Drivers/MCAL_Drivers/I2C_DRIVER/i2c.o
 .debug_loc     0x0000000000000eac       0x60 Src/STM32F103C_Drivers/MCAL_Drivers/RCC_DRIVER/rcc.o
 .debug_loc     0x0000000000000f0c      0x200 Src/STM32F103C_Drivers/MCAL_Drivers/SPI_DRIVER/spi.o
 .debug_loc     0x000000000000110c      0x1e6 Src/STM32F103C_Drivers/MCAL_Drivers/USART_DRIVER/usart.o
 .debug_loc     0x00000000000012f2       0xa2 Src/main.o

.debug_aranges  0x0000000000000000      0x2b8
 .debug_aranges
                0x0000000000000000       0x80 Src/STM32F103C_Drivers/MCAL_Drivers/EXTI_DRIVER/ext_interrupt.o
 .debug_aranges
                0x0000000000000080       0x70 Src/STM32F103C_Drivers/MCAL_Drivers/GPIO_DRIVER/gpio.o
 .debug_aranges
                0x00000000000000f0       0x88 Src/STM32F103C_Drivers/MCAL_Drivers/I2C_DRIVER/i2c.o
 .debug_aranges
                0x0000000000000178       0x38 Src/STM32F103C_Drivers/MCAL_Drivers/RCC_DRIVER/rcc.o
 .debug_aranges
                0x00000000000001b0       0x58 Src/STM32F103C_Drivers/MCAL_Drivers/SPI_DRIVER/spi.o
 .debug_aranges
                0x0000000000000208       0x50 Src/STM32F103C_Drivers/MCAL_Drivers/USART_DRIVER/usart.o
 .debug_aranges
                0x0000000000000258       0x38 Src/main.o
 .debug_aranges
                0x0000000000000290       0x28 Startup/startup_stm32f103c6tx.o

.debug_ranges   0x0000000000000000      0x258
 .debug_ranges  0x0000000000000000       0x88 Src/STM32F103C_Drivers/MCAL_Drivers/EXTI_DRIVER/ext_interrupt.o
 .debug_ranges  0x0000000000000088       0x60 Src/STM32F103C_Drivers/MCAL_Drivers/GPIO_DRIVER/gpio.o
 .debug_ranges  0x00000000000000e8       0x78 Src/STM32F103C_Drivers/MCAL_Drivers/I2C_DRIVER/i2c.o
 .debug_ranges  0x0000000000000160       0x28 Src/STM32F103C_Drivers/MCAL_Drivers/RCC_DRIVER/rcc.o
 .debug_ranges  0x0000000000000188       0x48 Src/STM32F103C_Drivers/MCAL_Drivers/SPI_DRIVER/spi.o
 .debug_ranges  0x00000000000001d0       0x40 Src/STM32F103C_Drivers/MCAL_Drivers/USART_DRIVER/usart.o
 .debug_ranges  0x0000000000000210       0x28 Src/main.o
 .debug_ranges  0x0000000000000238       0x20 Startup/startup_stm32f103c6tx.o

.debug_line     0x0000000000000000     0x2632
 .debug_line    0x0000000000000000      0x5ca Src/STM32F103C_Drivers/MCAL_Drivers/EXTI_DRIVER/ext_interrupt.o
 .debug_line    0x00000000000005ca      0x4dc Src/STM32F103C_Drivers/MCAL_Drivers/GPIO_DRIVER/gpio.o
 .debug_line    0x0000000000000aa6      0x70c Src/STM32F103C_Drivers/MCAL_Drivers/I2C_DRIVER/i2c.o
 .debug_line    0x00000000000011b2      0x3e7 Src/STM32F103C_Drivers/MCAL_Drivers/RCC_DRIVER/rcc.o
 .debug_line    0x0000000000001599      0x566 Src/STM32F103C_Drivers/MCAL_Drivers/SPI_DRIVER/spi.o
 .debug_line    0x0000000000001aff      0x580 Src/STM32F103C_Drivers/MCAL_Drivers/USART_DRIVER/usart.o
 .debug_line    0x000000000000207f      0x52f Src/main.o
 .debug_line    0x00000000000025ae       0x84 Startup/startup_stm32f103c6tx.o

.debug_str      0x0000000000000000     0x1249
 .debug_str     0x0000000000000000      0x828 Src/STM32F103C_Drivers/MCAL_Drivers/EXTI_DRIVER/ext_interrupt.o
                                        0x8c2 (size before relaxing)
 .debug_str     0x0000000000000828      0x18a Src/STM32F103C_Drivers/MCAL_Drivers/GPIO_DRIVER/gpio.o
                                        0x7fe (size before relaxing)
 .debug_str     0x00000000000009b2      0x40e Src/STM32F103C_Drivers/MCAL_Drivers/I2C_DRIVER/i2c.o
                                        0xab0 (size before relaxing)
 .debug_str     0x0000000000000dc0       0x9c Src/STM32F103C_Drivers/MCAL_Drivers/RCC_DRIVER/rcc.o
                                        0x6d3 (size before relaxing)
 .debug_str     0x0000000000000e5c      0x20a Src/STM32F103C_Drivers/MCAL_Drivers/SPI_DRIVER/spi.o
                                        0x8b4 (size before relaxing)
 .debug_str     0x0000000000001066      0x16b Src/STM32F103C_Drivers/MCAL_Drivers/USART_DRIVER/usart.o
                                        0x889 (size before relaxing)
 .debug_str     0x00000000000011d1       0x47 Src/main.o
                                        0x829 (size before relaxing)
 .debug_str     0x0000000000001218       0x31 Startup/startup_stm32f103c6tx.o
                                         0x73 (size before relaxing)

.comment        0x0000000000000000       0x7b
 .comment       0x0000000000000000       0x7b Src/STM32F103C_Drivers/MCAL_Drivers/EXTI_DRIVER/ext_interrupt.o
                                         0x7c (size before relaxing)
 .comment       0x000000000000007b       0x7c Src/STM32F103C_Drivers/MCAL_Drivers/GPIO_DRIVER/gpio.o
 .comment       0x000000000000007b       0x7c Src/STM32F103C_Drivers/MCAL_Drivers/I2C_DRIVER/i2c.o
 .comment       0x000000000000007b       0x7c Src/STM32F103C_Drivers/MCAL_Drivers/RCC_DRIVER/rcc.o
 .comment       0x000000000000007b       0x7c Src/STM32F103C_Drivers/MCAL_Drivers/SPI_DRIVER/spi.o
 .comment       0x000000000000007b       0x7c Src/STM32F103C_Drivers/MCAL_Drivers/USART_DRIVER/usart.o
 .comment       0x000000000000007b       0x7c Src/main.o

.debug_frame    0x0000000000000000      0x600
 .debug_frame   0x0000000000000000      0x13c Src/STM32F103C_Drivers/MCAL_Drivers/EXTI_DRIVER/ext_interrupt.o
 .debug_frame   0x000000000000013c       0xe4 Src/STM32F103C_Drivers/MCAL_Drivers/GPIO_DRIVER/gpio.o
 .debug_frame   0x0000000000000220      0x16c Src/STM32F103C_Drivers/MCAL_Drivers/I2C_DRIVER/i2c.o
 .debug_frame   0x000000000000038c       0x68 Src/STM32F103C_Drivers/MCAL_Drivers/RCC_DRIVER/rcc.o
 .debug_frame   0x00000000000003f4       0xa8 Src/STM32F103C_Drivers/MCAL_Drivers/SPI_DRIVER/spi.o
 .debug_frame   0x000000000000049c       0xbc Src/STM32F103C_Drivers/MCAL_Drivers/USART_DRIVER/usart.o
 .debug_frame   0x0000000000000558       0x7c Src/main.o
 .debug_frame   0x00000000000005d4       0x2c c:/st/stm32cubeide_1.4.0/stm32cubeide/plugins/com.st.stm32cube.ide.mcu.externaltools.gnu-tools-for-stm32.7-2018-q2-update.win32_1.4.0.202007081208/tools/bin/../lib/gcc/arm-none-eabi/7.3.1/../../../../arm-none-eabi/lib/thumb/v7-m\libc_nano.a(lib_a-init.o)
