ext_interrupt.c:35:6:Enable_NVIC	0	static
ext_interrupt.c:73:6:Disable_NVIC	0	static
ext_interrupt.c:112:6:UPDATE_EXTI	32	static
ext_interrupt.c:185:6:MCAL_EXTI_DeInit	0	static
ext_interrupt.c:214:6:MCAL_EXTI_Init	0	static
ext_interrupt.c:227:6:MCAL_EXTI_GPIO_Update	0	static
ext_interrupt.c:233:6:MCAL_EXTI_SET	32	static
ext_interrupt.c:251:6:EXTI0_IRQHandler	0	static
ext_interrupt.c:257:6:EXTI1_IRQHandler	0	static
ext_interrupt.c:263:6:EXTI2_IRQHandler	0	static
ext_interrupt.c:269:6:EXTI3_IRQHandler	0	static
ext_interrupt.c:275:6:EXTI4_IRQHandler	0	static
ext_interrupt.c:281:6:EXTI5_9_IRQHandler	8	static
ext_interrupt.c:309:6:EXTI10_15_IRQHandler	8	static
