ext_interrupt.c:36:6:Enable_NVIC	0	static
ext_interrupt.c:74:6:Disable_NVIC	0	static
ext_interrupt.c:113:6:UPDATE_EXTI	32	static
ext_interrupt.c:186:6:MCAL_EXTI_DeInit	0	static
ext_interrupt.c:215:6:MCAL_EXTI_Init	0	static
ext_interrupt.c:228:6:MCAL_EXTI_GPIO_Update	0	static
ext_interrupt.c:252:6:EXTI0_IRQHandler	0	static
ext_interrupt.c:258:6:EXTI1_IRQHandler	0	static
ext_interrupt.c:264:6:EXTI2_IRQHandler	0	static
ext_interrupt.c:270:6:EXTI3_IRQHandler	0	static
ext_interrupt.c:276:6:EXTI4_IRQHandler	0	static
ext_interrupt.c:283:6:EXTI9_5_IRQHandler	8	static
ext_interrupt.c:312:6:EXTI15_10_IRQHandler	8	static
