
Memory Configuration

Name             Origin             Length             Attributes
Mem              0x00000000         0x04000000         xrw
*default*        0x00000000         0xffffffff

Linker script and memory map


.qamar          0x00000000       0x7c
 *(.text)
 .text          0x00000000       0x1c app.o
                0x00000000                main
 .text          0x0000001c       0x54 uart.o
                0x0000001c                Uart_Send_string
 .text          0x00000070        0xc startup.o
                0x00000070                reset
LOAD app.o
LOAD uart.o
LOAD startup.o
OUTPUT(learn-in-depth.elf elf32-littlearm)

.data           0x0000007c       0x64
 .data          0x0000007c       0x64 app.o
                0x0000007c                string_buffer
 .data          0x000000e0        0x0 uart.o
 .data          0x000000e0        0x0 startup.o

.igot.plt       0x000000e0        0x0
 .igot.plt      0x000000e0        0x0 app.o

.glue_7         0x000000e0        0x0
 .glue_7        0x000000e0        0x0 linker stubs

.glue_7t        0x000000e0        0x0
 .glue_7t       0x000000e0        0x0 linker stubs

.vfp11_veneer   0x000000e0        0x0
 .vfp11_veneer  0x000000e0        0x0 linker stubs

.v4_bx          0x000000e0        0x0
 .v4_bx         0x000000e0        0x0 linker stubs

.iplt           0x000000e0        0x0
 .iplt          0x000000e0        0x0 app.o

.rel.dyn        0x000000e0        0x0
 .rel.iplt      0x000000e0        0x0 app.o

.bss            0x000000e0        0x0
 .bss           0x000000e0        0x0 app.o
 .bss           0x000000e0        0x0 uart.o
 .bss           0x000000e0        0x0 startup.o

.comment        0x00000000       0x7e
 .comment       0x00000000       0x7e app.o
                                 0x7f (size before relaxing)
 .comment       0x0000007e       0x7f uart.o

.ARM.attributes
                0x00000000       0x30
 .ARM.attributes
                0x00000000       0x32 app.o
 .ARM.attributes
                0x00000032       0x32 uart.o
 .ARM.attributes
                0x00000064       0x22 startup.o
