core_cm3.h:1639:22:__NVIC_SetPriority	16	static
CortexMX_OS_Porting.c:20:6:BusFault_Handler	4	static
CortexMX_OS_Porting.c:24:6:HardFault_Handler	4	static
CortexMX_OS_Porting.c:29:6:UsageFault_Handler	4	static
CortexMX_OS_Porting.c:33:6:MemManage_Handler	4	static
CortexMX_OS_Porting.c:39:28:SVC_Handler	0	static,ignoring_inline_asm
CortexMX_OS_Porting.c:47:6:SysTick_Handler	4	static
CortexMX_OS_Porting.c:52:6:HW_init	8	static
CortexMX_OS_Porting.c:65:6:trigger_OS_PendSV	4	static
CortexMX_OS_Porting.c:70:6:Start_Ticker	4	static
