ext_interrupt.c:37:6:Enable_NVIC	16	static
ext_interrupt.c:75:6:Disable_NVIC	16	static
ext_interrupt.c:114:6:UPDATE_EXTI	24	static
ext_interrupt.c:185:6:MCAL_EXTI_DeInit	4	static
ext_interrupt.c:218:6:MCAL_EXTI_Init	16	static
ext_interrupt.c:231:6:MCAL_EXTI_GPIO_Update	16	static
ext_interrupt.c:246:6:EXTI0_IRQHandler	8	static
ext_interrupt.c:252:6:EXTI1_IRQHandler	8	static
ext_interrupt.c:258:6:EXTI2_IRQHandler	8	static
ext_interrupt.c:264:6:EXTI3_IRQHandler	8	static
ext_interrupt.c:270:6:EXTI4_IRQHandler	8	static
ext_interrupt.c:276:6:EXTI5_9_IRQHandler	8	static
ext_interrupt.c:304:6:EXTI10_15_IRQHandler	8	static
