ext_interrupt.c:35:6:Enable_NVIC	16	static
ext_interrupt.c:73:6:Disable_NVIC	16	static
ext_interrupt.c:112:6:UPDATE_EXTI	24	static
ext_interrupt.c:181:6:MCAL_EXTI_DeInit	4	static
ext_interrupt.c:210:6:MCAL_EXTI_Init	16	static
ext_interrupt.c:223:6:MCAL_EXTI_GPIO_Update	16	static
ext_interrupt.c:229:6:MCAL_EXTI_SET	32	static
ext_interrupt.c:247:6:EXTI0_IRQHandler	8	static
ext_interrupt.c:253:6:EXTI1_IRQHandler	8	static
ext_interrupt.c:259:6:EXTI2_IRQHandler	8	static
ext_interrupt.c:265:6:EXTI3_IRQHandler	8	static
ext_interrupt.c:271:6:EXTI4_IRQHandler	8	static
ext_interrupt.c:277:6:EXTI5_9_IRQHandler	8	static
ext_interrupt.c:305:6:EXTI10_15_IRQHandler	8	static
